******************************************************************************
          TMS320C6x COFF Linker PC v5.1.0                      
******************************************************************************
>> Linked Thu Mar 11 08:20:59 2010

OUTPUT FILE NAME:   <cam2lcd3_QDMA.out>
ENTRY POINT SYMBOL: "_c_int00"  address: 00025dc0


MEMORY CONFIGURATION

                  name            origin    length      used    attr    fill
         ----------------------  --------  ---------  --------  ----  --------
         IDRAM                   00000000   00040000  000281c4  RWIX
         SDRAM                   80000000   02000000  0004b000  RWIX


SECTION ALLOCATION MAP

 output                                  attributes/
section   page    origin      length       input sections
--------  ----  ----------  ----------   ----------------
.sdram     0    80000000    0004b000     UNINITIALIZED
                  80000000    0004b000     main.obj (.sdram)

.vectors   0    00000000    00000000     UNINITIALIZED

.const     0    00000000    00000000     UNINITIALIZED

.sysmem    0    00000000    00000000     UNINITIALIZED

.cio       0    00000000    00000000     UNINITIALIZED

.data      0    00000000    00000000     UNINITIALIZED

.cinit     0    00000000    0000028c     COPY SECTION
                  00000000    00000140     rts6700.lib : pow.obj (.cinit)
                  00000140    000000ba     main.obj (.cinit)
                  000001fa    00000006     --HOLE-- [fill = 0]
                  00000200    0000002c     rts6700.lib : exit.obj (.cinit)
                  0000022c    00000004     --HOLE-- [fill = 0]
                  00000230    00000025     vm3224k.obj (.cinit)
                  00000255    00000003     --HOLE-- [fill = 0]
                  00000258    0000001c     rts6700.lib : _lock.obj (.cinit)
                  00000274    00000004     --HOLE-- [fill = 0]
                  00000278    0000000c                 : errno.obj (.cinit)
                  00000284    00000008     --HOLE-- [fill = 0]

.far       0    00000000    000201d8     UNINITIALIZED
                  00000000    00020000     main.obj (.far)
                  00020000    00000120     rts6700.lib : pow.obj (.far)
                  00020120    0000008c                 : exit.obj (.far)
                  000201ac    0000001d     vm3224k.obj (.far)
                  000201cc    00000008     rts6700.lib : _lock.obj (.far)
                  000201d4    00000004                 : errno.obj (.far)

.text      0    000201e0    00005fc0     
                  000201e0    00003280     main.obj (.text)
                  00023460    00000aa0     rts6700.lib : pow.obj (.text:_pow)
                  00023f00    000007c0     vm3224k.obj (.text)
                  000246c0    00000320     rts6700.lib : frcdivd.obj (.text:__frcdivd)
                  000249e0    00000280                 : divd.obj (.text:__divd)
                  00024c60    00000280                 : sqrt.obj (.text:_sqrt)
                  00024ee0    00000240                 : memcpy62.obj (.text:_memcpy)
                  00025120    000001c0                 : ldexp.obj (.text:_ldexp)
                  000252e0    00000180                 : divf.obj (.text:__divf)
                  00025460    00000160                 : frexp.obj (.text:_frexp)
                  000255c0    00000140                 : exit.obj (.text:_exit)
                  00025700    00000140                 : autoinit.obj (.text:__auto_init)
                  00025840    00000120                 : divi.obj (.text:__divi)
                  00025960    00000100                 : frcdivf.obj (.text:__frcdivf)
                  00025a60    000000e0                 : modf.obj (.text:_modf)
                  00025b40    000000e0                 : round.obj (.text:__round)
                  00025c20    000000e0                 : strasg.obj (.text:__strasg)
                  00025d00    000000c0                 : fixdi.obj (.text:__fixdi)
                  00025dc0    00000080                 : boot.obj (.text:_c_int00)
                  00025e40    00000080                 : fltid.obj (.text:__fltid)
                  00025ec0    00000060                 : floor.obj (.text:_floor)
                  00025f20    00000060                 : fltif.obj (.text:__fltif)
                  00025f80    00000040                 : trunc.obj (.text:__trunc)
                  00025fc0    00000040                 : args_main.obj (.text:__args_main)
                  00026000    00000040                 : fltud.obj (.text:__fltud)
                  00026040    00000020                 : exit.obj (.text:_abort)
                  00026060    00000020                 : subd.obj (.text:__subd)
                  00026080    00000020                 : cvtdf.obj (.text:__cvtdf)
                  000260a0    00000020                 : mpyf.obj (.text:__mpyf)
                  000260c0    00000020                 : addf.obj (.text:__addf)
                  000260e0    00000020                 : cvtfd.obj (.text:__cvtfd)
                  00026100    00000020                 : _lock.obj (.text:__nop)
                  00026120    00000020                 : subf.obj (.text:__subf)
                  00026140    00000020                 : cmpd.obj (.text:__cmpd)
                  00026160    00000020                 : addd.obj (.text:__addd)
                  00026180    00000020                 : mpyd.obj (.text:__mpyd)

.stack     0    000261a0    00002000     UNINITIALIZED
                  000261a0    00000008     rts6700.lib : boot.obj (.stack)

.bss       0    000281a0    0000002c     UNINITIALIZED
                  000281a0    00000018     main.obj (.bss)
                  000281b8    00000014     vm3224k.obj (.bss)


GLOBAL SYMBOLS: SORTED ALPHABETICALLY BY Name 

address    name
--------   ----
000281a0   $bss
000281a0   .bss
00000000   .data
000201e0   .text
00026040   C$$EXIT
000281b0   _BB_Threshold
000281ae   _BG_Threshold
000281ac   _BR_Threshold
000281b6   _B_Border
000281b4   _B_Padding
000281b2   _B_Tolerance
0002194c   _DrawBox
00020c90   _Lab2RGB
000201e0   _PLL6713
000281a4   _RB_Threshold
0002038c   _RGB2Lab
000281a2   _RG_Threshold
000281a0   _RR_Threshold
000281aa   _R_Border
000281a8   _R_Padding
000281a6   _R_Tolerance
00002000   __STACK_SIZE
ffffffff   ___binit__
000281a0   ___bss__
ffffffff   ___c_args__
ffffffff   ___cinit__
00000000   ___data__
00000000   ___edata__
000281cc   ___end__
000261a0   ___etext__
ffffffff   ___pinit__
000201e0   ___text__
00026160   __addd
000260c0   __addf
00025fc0   __args_main
00025700   __auto_init
000201a4   __cleanup_ptr
00026140   __cmpd
00026080   __cvtdf
000260e0   __cvtfd
000249e0   __divd
000252e0   __divf
00025840   __divi
000201a8   __dtors_ptr
00025d00   __fixdi
00025e40   __fltid
00025f20   __fltif
00026000   __fltud
000246c0   __frcdivd
00025960   __frcdivf
000201cc   __lock
00026180   __mpyd
000260a0   __mpyf
00026100   __nop
00025b40   __round
000261a0   __stack
00025c20   __strasg
00026060   __subd
00026120   __subf
00025f80   __trunc
000201d0   __unlock
00026040   _abort
00021898   _boxInitialize
00025dc0   _c_int00
80000000   _cam
000201d4   _errno
000255c0   _exit
00025ec0   _floor
00025460   _frexp
00024390   _i2c_Write
00023f00   _i2c_init
0002186c   _int_max
00021840   _int_min
00025120   _ldexp
00022964   _main
00024ee0   _memcpy
00025a60   _modf
00023460   _pow
00000000   _rgb
00024c60   _sqrt
80025800   _tmp
00024670   _vm3224bl
00024468   _vm3224init
00024620   _vm3224rate
00021694   _ybr_565
ffffffff   binit
ffffffff   cinit
00000000   edata
000281cc   end
000261a0   etext
ffffffff   pinit


GLOBAL SYMBOLS: SORTED BY Symbol Address 

address    name
--------   ----
00000000   ___data__
00000000   _rgb
00000000   .data
00000000   edata
00000000   ___edata__
00002000   __STACK_SIZE
000201a4   __cleanup_ptr
000201a8   __dtors_ptr
000201cc   __lock
000201d0   __unlock
000201d4   _errno
000201e0   _PLL6713
000201e0   .text
000201e0   ___text__
0002038c   _RGB2Lab
00020c90   _Lab2RGB
00021694   _ybr_565
00021840   _int_min
0002186c   _int_max
00021898   _boxInitialize
0002194c   _DrawBox
00022964   _main
00023460   _pow
00023f00   _i2c_init
00024390   _i2c_Write
00024468   _vm3224init
00024620   _vm3224rate
00024670   _vm3224bl
000246c0   __frcdivd
000249e0   __divd
00024c60   _sqrt
00024ee0   _memcpy
00025120   _ldexp
000252e0   __divf
00025460   _frexp
000255c0   _exit
00025700   __auto_init
00025840   __divi
00025960   __frcdivf
00025a60   _modf
00025b40   __round
00025c20   __strasg
00025d00   __fixdi
00025dc0   _c_int00
00025e40   __fltid
00025ec0   _floor
00025f20   __fltif
00025f80   __trunc
00025fc0   __args_main
00026000   __fltud
00026040   _abort
00026040   C$$EXIT
00026060   __subd
00026080   __cvtdf
000260a0   __mpyf
000260c0   __addf
000260e0   __cvtfd
00026100   __nop
00026120   __subf
00026140   __cmpd
00026160   __addd
00026180   __mpyd
000261a0   __stack
000261a0   etext
000261a0   ___etext__
000281a0   _RR_Threshold
000281a0   $bss
000281a0   .bss
000281a0   ___bss__
000281a2   _RG_Threshold
000281a4   _RB_Threshold
000281a6   _R_Tolerance
000281a8   _R_Padding
000281aa   _R_Border
000281ac   _BR_Threshold
000281ae   _BG_Threshold
000281b0   _BB_Threshold
000281b2   _B_Tolerance
000281b4   _B_Padding
000281b6   _B_Border
000281cc   end
000281cc   ___end__
80000000   _cam
80025800   _tmp
ffffffff   pinit
ffffffff   ___pinit__
ffffffff   cinit
ffffffff   ___c_args__
ffffffff   ___binit__
ffffffff   binit
ffffffff   ___cinit__

[91 symbols]
