******************************************************************************
          TMS320C6x COFF Linker PC v5.1.0                      
******************************************************************************
>> Linked Mon Feb 15 21:12:14 2010

OUTPUT FILE NAME:   <VALoopback.out>
ENTRY POINT SYMBOL: "_c_int00"  address: 000248a0


MEMORY CONFIGURATION

                  name            origin    length      used    attr    fill
         ----------------------  --------  ---------  --------  ----  --------
         IDRAM                   00000000   00040000  00026cce  RWIX
         SDRAM                   80000000   02000000  00096000  RWIX


SECTION ALLOCATION MAP

 output                                  attributes/
section   page    origin      length       input sections
--------  ----  ----------  ----------   ----------------
.sdram     0    80000000    00096000     UNINITIALIZED
                  80000000    00096000     main.obj (.sdram)

.sysmem    0    00000000    00000000     UNINITIALIZED

.cio       0    00000000    00000000     UNINITIALIZED

.data      0    00000000    00000000     UNINITIALIZED

.vectors   0    00000000    00000200     
                  00000000    00000200     start.obj (.vectors)

.cinit     0    00000000    000002c4     COPY SECTION
                  00000000    0000012c     csl6713.lib : csl_irq.obj (.cinit)
                  0000012c    00000004     --HOLE-- [fill = 0]
                  00000130    00000080     main.obj (.cinit)
                  000001b0    00000054     csl6713.lib : csl_mcbsp.obj (.cinit)
                  00000204    00000004     --HOLE-- [fill = 0]
                  00000208    00000030     dsk6713bsl.lib : dsk6713_aic23_registers.obj (.cinit)
                  00000238    0000002c     rts6700.lib : exit.obj (.cinit)
                  00000264    00000004     --HOLE-- [fill = 0]
                  00000268    00000025     vm3224k.obj (.cinit)
                  0000028d    00000003     --HOLE-- [fill = 0]
                  00000290    0000001c     rts6700.lib : _lock.obj (.cinit)
                  000002ac    00000004     --HOLE-- [fill = 0]
                  000002b0    0000000c                 : errno.obj (.cinit)
                  000002bc    00000008     --HOLE-- [fill = 0]

.far       0    00000200    0002023e     UNINITIALIZED
                  00000200    00020028     main.obj (.far)
                  00020228    000000f4     csl6713.lib : csl_irq.obj (.far)
                  0002031c    0000008c     rts6700.lib : exit.obj (.far)
                  000203a8    00000038     csl6713.lib : csl_mcbsp.obj (.far)
                  000203e0    00000028     dsk6713bsl.lib : dsk6713_aic23_registers.obj (.far)
                  00020408    0000001d     vm3224k.obj (.far)
                  00020426    00000002     dsk6713bsl.lib : dsk6713_led.obj (.far)
                  00020428    00000008     rts6700.lib : _lock.obj (.far)
                  00020430    00000008     dsk6713bsl.lib : dsk6713_aic23_opencodec.obj (.far)
                  00020438    00000004     rts6700.lib : errno.obj (.far)
                  0002043c    00000002     dsk6713bsl.lib : dsk6713.obj (.far)

.text      0    00020440    00004800     
                  00020440    00001e80     main.obj (.text)
                  000222c0    000007c0     vm3224k.obj (.text)
                  00022a80    00000480     dsk6713bsl.lib : dsk6713.obj (.text)
                  00022f00    00000320                    : dsk6713_aic23_opencodec.obj (.text)
                  00023220    00000280     rts6700.lib : sqrt.obj (.text:_sqrt)
                  000234a0    00000240                 : memcpy62.obj (.text:_memcpy)
                  000236e0    000001c0                 : ldexp.obj (.text:_ldexp)
                  000238a0    000001a0     dsk6713bsl.lib : dsk6713_led.obj (.text)
                  00023a40    000001a0     csl6713.lib : csl_mcbsp.obj (.text:_MCBSP_reset)
                  00023be0    00000180     rts6700.lib : divf.obj (.text:__divf)
                  00023d60    00000160                 : frexp.obj (.text:_frexp)
                  00023ec0    00000160     dsk6713bsl.lib : dsk6713_aic23_registers.obj (.text)
                  00024020    00000140     rts6700.lib : exit.obj (.text:_exit)
                  00024160    00000140                 : autoinit.obj (.text:__auto_init)
                  000242a0    00000100                 : frcdivf.obj (.text:__frcdivf)
                  000243a0    00000100     csl6713.lib : csl_mcbsp.obj (.text:_MCBSP_open)
                  000244a0    00000100                 : csl_mcbsp.obj (.text:_MCBSP_start)
                  000245a0    000000e0     rts6700.lib : modf.obj (.text:_modf)
                  00024680    000000e0                 : strasg.obj (.text:__strasg)
                  00024760    000000c0                 : fixdi.obj (.text:__fixdi)
                  00024820    00000080     dsk6713bsl.lib : dsk6713_dip.obj (.text)
                  000248a0    00000080     rts6700.lib : boot.obj (.text:_c_int00)
                  00024920    00000080                 : fltid.obj (.text:__fltid)
                  000249a0    00000060                 : fltif.obj (.text:__fltif)
                  00024a00    00000060                 : floor.obj (.text:_floor)
                  00024a60    00000040                 : args_main.obj (.text:__args_main)
                  00024aa0    00000040                 : fltuf.obj (.text:__fltuf)
                  00024ae0    00000020                 : exit.obj (.text:_abort)
                  00024b00    00000020                 : cvtfd.obj (.text:__cvtfd)
                  00024b20    00000020                 : cvtdf.obj (.text:__cvtdf)
                  00024b40    00000020                 : addf.obj (.text:__addf)
                  00024b60    00000020                 : addd.obj (.text:__addd)
                  00024b80    00000020                 : _lock.obj (.text:__nop)
                  00024ba0    00000020                 : subf.obj (.text:__subf)
                  00024bc0    00000020                 : mpyf.obj (.text:__mpyf)
                  00024be0    00000020                 : mpyd.obj (.text:__mpyd)
                  00024c00    00000020     csl6713.lib : csl_irq.obj (.text)
                  00024c20    00000020     rts6700.lib : subd.obj (.text:__subd)

.stack     0    00024c40    00002000     UNINITIALIZED
                  00024c40    00000008     rts6700.lib : boot.obj (.stack)

.const     0    00026c40    0000006c     
                  00026c40    00000040     dsk6713bsl.lib : dsk6713_aic23_opencodec.obj (.const)
                  00026c80    00000020                    : dsk6713.obj (.const)
                  00026ca0    0000000c     main.obj (.const)

.bss       0    00026cac    00000024     UNINITIALIZED
                  00026cac    00000014     vm3224k.obj (.bss)
                  00026cc0    00000010     main.obj (.bss)


GLOBAL SYMBOLS: SORTED ALPHABETICALLY BY Name 

address    name
--------   ----
00026cac   $bss
00026cac   .bss
00000000   .data
00020440   .text
00024ae0   C$$EXIT
00020430   _DSK6713_AIC23_codeccontrolhandle
00020434   _DSK6713_AIC23_codecdatahandle
00023f80   _DSK6713_AIC23_config
00022f00   _DSK6713_AIC23_openCodec
00023f5c   _DSK6713_AIC23_rget
00023ec0   _DSK6713_AIC23_rset
00024828   _DSK6713_DIP_get
00024820   _DSK6713_DIP_init
000238a0   _DSK6713_LED_init
000238c8   _DSK6713_LED_off
00023924   _DSK6713_LED_on
00023980   _DSK6713_LED_toggle
00022e94   _DSK6713_getVersion
00022acc   _DSK6713_init
00022de8   _DSK6713_rget
00022dfc   _DSK6713_rset
0002043c   _DSK6713_version
00022e10   _DSK6713_wait
00022e68   _DSK6713_waitusec
00020bb8   _DrawBox
000243a0   _MCBSP_open
00023a40   _MCBSP_reset
000244a0   _MCBSP_start
00020440   _PLL6713
00026cca   _R_Border
00026cc8   _R_Padding
00026cc4   _R_Threshold
00026cc6   _R_Tolerance
00020314   __IRQ_dispatchTable
00020250   __IRQ_eventTable
00024c00   __IRQ_hookFetchPacket
000202d4   __IRQ_intTable
000203d8   __MCBSP_hDev0
000203dc   __MCBSP_hDev1
00002000   __STACK_SIZE
ffffffff   ___binit__
00026cac   ___bss__
ffffffff   ___c_args__
ffffffff   ___cinit__
00000000   ___data__
00000000   ___edata__
00026cd0   ___end__
00024c40   ___etext__
ffffffff   ___pinit__
00020440   ___text__
00024b60   __addd
00024b40   __addf
00024a60   __args_main
00024160   __auto_init
000203a0   __cleanup_ptr
00024b20   __cvtdf
00024b00   __cvtfd
00023be0   __divf
000203a4   __dtors_ptr
00024760   __fixdi
00024920   __fltid
000249a0   __fltif
00024aa0   __fltuf
000242a0   __frcdivf
00020428   __lock
00024be0   __mpyd
00024bc0   __mpyf
00024b80   __nop
00024c40   __stack
00024680   __strasg
00024c20   __subd
00024ba0   __subf
0002042c   __unlock
00024ae0   _abort
00020b04   _boxInitialize
000248a0   _c_int00
00020a40   _c_int06
00020a64   _c_int15
80070800   _cam
00020200   _config
00020438   _errno
00024020   _exit
00026cc0   _flag
00024a00   _floor
00023d60   _frexp
00026ccc   _hCodec
00022750   _i2c_Write
000222c0   _i2c_init
00020ad8   _int_max
00020aac   _int_min
00020904   _intr_disable
00020a00   _intr_enable
0002093c   _intr_select
8004b000   _lcd
000236e0   _ldexp
000212a0   _main
000234a0   _memcpy
000245a0   _modf
80000000   _now
00000200   _rgb
00023220   _sqrt
80025800   _tmp
00022a30   _vm3224bl
00022828   _vm3224init
000229e0   _vm3224rate
000205ec   _ybr_565
ffffffff   binit
ffffffff   cinit
00000000   edata
00026cd0   end
00024c40   etext
ffffffff   pinit


GLOBAL SYMBOLS: SORTED BY Symbol Address 

address    name
--------   ----
00000000   ___edata__
00000000   ___data__
00000000   .data
00000000   edata
00000200   _rgb
00002000   __STACK_SIZE
00020200   _config
00020250   __IRQ_eventTable
000202d4   __IRQ_intTable
00020314   __IRQ_dispatchTable
000203a0   __cleanup_ptr
000203a4   __dtors_ptr
000203d8   __MCBSP_hDev0
000203dc   __MCBSP_hDev1
00020428   __lock
0002042c   __unlock
00020430   _DSK6713_AIC23_codeccontrolhandle
00020434   _DSK6713_AIC23_codecdatahandle
00020438   _errno
0002043c   _DSK6713_version
00020440   _PLL6713
00020440   .text
00020440   ___text__
000205ec   _ybr_565
00020904   _intr_disable
0002093c   _intr_select
00020a00   _intr_enable
00020a40   _c_int06
00020a64   _c_int15
00020aac   _int_min
00020ad8   _int_max
00020b04   _boxInitialize
00020bb8   _DrawBox
000212a0   _main
000222c0   _i2c_init
00022750   _i2c_Write
00022828   _vm3224init
000229e0   _vm3224rate
00022a30   _vm3224bl
00022acc   _DSK6713_init
00022de8   _DSK6713_rget
00022dfc   _DSK6713_rset
00022e10   _DSK6713_wait
00022e68   _DSK6713_waitusec
00022e94   _DSK6713_getVersion
00022f00   _DSK6713_AIC23_openCodec
00023220   _sqrt
000234a0   _memcpy
000236e0   _ldexp
000238a0   _DSK6713_LED_init
000238c8   _DSK6713_LED_off
00023924   _DSK6713_LED_on
00023980   _DSK6713_LED_toggle
00023a40   _MCBSP_reset
00023be0   __divf
00023d60   _frexp
00023ec0   _DSK6713_AIC23_rset
00023f5c   _DSK6713_AIC23_rget
00023f80   _DSK6713_AIC23_config
00024020   _exit
00024160   __auto_init
000242a0   __frcdivf
000243a0   _MCBSP_open
000244a0   _MCBSP_start
000245a0   _modf
00024680   __strasg
00024760   __fixdi
00024820   _DSK6713_DIP_init
00024828   _DSK6713_DIP_get
000248a0   _c_int00
00024920   __fltid
000249a0   __fltif
00024a00   _floor
00024a60   __args_main
00024aa0   __fltuf
00024ae0   C$$EXIT
00024ae0   _abort
00024b00   __cvtfd
00024b20   __cvtdf
00024b40   __addf
00024b60   __addd
00024b80   __nop
00024ba0   __subf
00024bc0   __mpyf
00024be0   __mpyd
00024c00   __IRQ_hookFetchPacket
00024c20   __subd
00024c40   ___etext__
00024c40   etext
00024c40   __stack
00026cac   ___bss__
00026cac   .bss
00026cac   $bss
00026cc0   _flag
00026cc4   _R_Threshold
00026cc6   _R_Tolerance
00026cc8   _R_Padding
00026cca   _R_Border
00026ccc   _hCodec
00026cd0   ___end__
00026cd0   end
80000000   _now
80025800   _tmp
8004b000   _lcd
80070800   _cam
ffffffff   cinit
ffffffff   pinit
ffffffff   ___cinit__
ffffffff   ___pinit__
ffffffff   ___c_args__
ffffffff   binit
ffffffff   ___binit__

[112 symbols]
