******************************************************************************
          TMS320C6x COFF Linker PC v5.1.0                      
******************************************************************************
>> Linked Mon Feb 15 04:11:17 2010

OUTPUT FILE NAME:   <VALoopback.out>
ENTRY POINT SYMBOL: "_c_int00"  address: 00024160


MEMORY CONFIGURATION

                  name            origin    length      used    attr    fill
         ----------------------  --------  ---------  --------  ----  --------
         IDRAM                   00000000   00040000  000264bc  RWIX
         SDRAM                   80000000   02000000  0004b000  RWIX


SECTION ALLOCATION MAP

 output                                  attributes/
section   page    origin      length       input sections
--------  ----  ----------  ----------   ----------------
.sdram     0    80000000    0004b000     UNINITIALIZED
                  80000000    0004b000     main.obj (.sdram)

.sysmem    0    00000000    00000000     UNINITIALIZED

.cio       0    00000000    00000000     UNINITIALIZED

.data      0    00000000    00000000     UNINITIALIZED

.vectors   0    00000000    00000200     
                  00000000    00000200     start.obj (.vectors)

.cinit     0    00000000    00000304     COPY SECTION
                  00000000    0000012c     csl6713.lib : csl_irq.obj (.cinit)
                  0000012c    00000004     --HOLE-- [fill = 0]
                  00000130    000000d0     main.obj (.cinit)
                  00000200    00000054     csl6713.lib : csl_mcbsp.obj (.cinit)
                  00000254    00000004     --HOLE-- [fill = 0]
                  00000258    00000030     dsk6713bsl.lib : dsk6713_aic23_registers.obj (.cinit)
                  00000288    0000002c     rts6700.lib : exit.obj (.cinit)
                  000002b4    00000004     --HOLE-- [fill = 0]
                  000002b8    00000025     vm3224k.obj (.cinit)
                  000002dd    00000003     --HOLE-- [fill = 0]
                  000002e0    0000001c     rts6700.lib : _lock.obj (.cinit)
                  000002fc    00000008     --HOLE-- [fill = 0]

.far       0    00000200    00020258     UNINITIALIZED
                  00000200    00020048     main.obj (.far)
                  00020248    000000f4     csl6713.lib : csl_irq.obj (.far)
                  0002033c    0000008c     rts6700.lib : exit.obj (.far)
                  000203c8    00000038     csl6713.lib : csl_mcbsp.obj (.far)
                  00020400    00000028     dsk6713bsl.lib : dsk6713_aic23_registers.obj (.far)
                  00020428    0000001d     vm3224k.obj (.far)
                  00020448    00000008     rts6700.lib : _lock.obj (.far)
                  00020450    00000008     dsk6713bsl.lib : dsk6713_aic23_opencodec.obj (.far)

.text      0    00020460    00003fe0     
                  00020460    00002120     main.obj (.text)
                  00022580    000007c0     vm3224k.obj (.text)
                  00022d40    00000320     dsk6713bsl.lib : dsk6713_aic23_opencodec.obj (.text)
                  00023060    00000240     rts6700.lib : memcpy62.obj (.text:_memcpy)
                  000232a0    000001a0     csl6713.lib : csl_mcbsp.obj (.text:_MCBSP_reset)
                  00023440    00000180     rts6700.lib : divf.obj (.text:__divf)
                  000235c0    00000160     dsk6713bsl.lib : dsk6713_aic23_registers.obj (.text)
                  00023720    00000140     rts6700.lib : autoinit.obj (.text:__auto_init)
                  00023860    00000140                 : exit.obj (.text:_exit)
                  000239a0    00000120                 : divi.obj (.text:__divi)
                  00023ac0    00000100                 : frcdivf.obj (.text:__frcdivf)
                  00023bc0    00000100     csl6713.lib : csl_mcbsp.obj (.text:_MCBSP_open)
                  00023cc0    00000100                 : csl_mcbsp.obj (.text:_MCBSP_start)
                  00023dc0    000000e0     rts6700.lib : modf.obj (.text:_modf)
                  00023ea0    000000e0                 : strasg.obj (.text:__strasg)
                  00023f80    000000c0                 : fixdi.obj (.text:__fixdi)
                  00024040    000000a0                 : fixfi.obj (.text:__fixfi)
                  000240e0    00000080                 : fltid.obj (.text:__fltid)
                  00024160    00000080                 : boot.obj (.text:_c_int00)
                  000241e0    00000060                 : fltif.obj (.text:__fltif)
                  00024240    00000060                 : floor.obj (.text:_floor)
                  000242a0    00000040                 : args_main.obj (.text:__args_main)
                  000242e0    00000020     csl6713.lib : csl_irq.obj (.text)
                  00024300    00000020     rts6700.lib : addd.obj (.text:__addd)
                  00024320    00000020                 : cmpf.obj (.text:__cmpf)
                  00024340    00000020                 : exit.obj (.text:_abort)
                  00024360    00000020                 : cvtfd.obj (.text:__cvtfd)
                  00024380    00000020                 : addf.obj (.text:__addf)
                  000243a0    00000020                 : subf.obj (.text:__subf)
                  000243c0    00000020                 : subd.obj (.text:__subd)
                  000243e0    00000020                 : mpyd.obj (.text:__mpyd)
                  00024400    00000020                 : _lock.obj (.text:__nop)
                  00024420    00000020                 : mpyf.obj (.text:__mpyf)

.stack     0    00024440    00002000     UNINITIALIZED
                  00024440    00000008     rts6700.lib : boot.obj (.stack)

.bss       0    00026440    00000044     UNINITIALIZED
                  00026440    00000030     main.obj (.bss)
                  00026470    00000014     vm3224k.obj (.bss)

.const     0    00026484    00000040     
                  00026484    00000040     dsk6713bsl.lib : dsk6713_aic23_opencodec.obj (.const)


GLOBAL SYMBOLS: SORTED ALPHABETICALLY BY Name 

address    name
--------   ----
00026440   $bss
00026440   .bss
00000000   .data
00020460   .text
00024340   C$$EXIT
00020450   _DSK6713_AIC23_codeccontrolhandle
00020454   _DSK6713_AIC23_codecdatahandle
00023680   _DSK6713_AIC23_config
00022d40   _DSK6713_AIC23_openCodec
0002365c   _DSK6713_AIC23_rget
000235c0   _DSK6713_AIC23_rset
00020f5c   _HSV2RGB
00023bc0   _MCBSP_open
000232a0   _MCBSP_reset
00023cc0   _MCBSP_start
00020460   _PLL6713
00020c68   _RGB2HSV
00020334   __IRQ_dispatchTable
00020270   __IRQ_eventTable
000242e0   __IRQ_hookFetchPacket
000202f4   __IRQ_intTable
000203f8   __MCBSP_hDev0
000203fc   __MCBSP_hDev1
00002000   __STACK_SIZE
ffffffff   ___binit__
00026440   ___bss__
ffffffff   ___c_args__
ffffffff   ___cinit__
00000000   ___data__
00000000   ___edata__
00026484   ___end__
00024440   ___etext__
ffffffff   ___pinit__
00020460   ___text__
00024300   __addd
00024380   __addf
000242a0   __args_main
00023720   __auto_init
000203c0   __cleanup_ptr
00024320   __cmpf
00024360   __cvtfd
00023440   __divf
000239a0   __divi
000203c4   __dtors_ptr
00023f80   __fixdi
00024040   __fixfi
000240e0   __fltid
000241e0   __fltif
00023ac0   __frcdivf
00020448   __lock
000243e0   __mpyd
00024420   __mpyf
00024400   __nop
00024440   __stack
00023ea0   __strasg
000243c0   __subd
000243a0   __subf
0002044c   __unlock
00024340   _abort
00026460   _bTemp0
0002646c   _bTemp1
00024160   _c_int00
00020a60   _c_int06
00020a84   _c_int15
80025800   _cam
00020220   _config
00026448   _doHSV
00023860   _exit
00026440   _flag
00024240   _floor
0002645c   _gTemp0
00026468   _gTemp1
00026444   _hCodec
00026450   _h_adjust
00020208   _hsv0
00020214   _hsv1
00022a10   _i2c_Write
00022580   _i2c_init
00020924   _intr_disable
00020a20   _intr_enable
0002095c   _intr_select
80000000   _lcd
000213fc   _main
00023060   _memcpy
00023dc0   _modf
0002644a   _negativeH
0002644c   _negativeS
0002644e   _negativeV
00026458   _rTemp0
00026464   _rTemp1
00000200   _rgb
00020204   _rgbAdj
00020acc   _rgbMax
00020b98   _rgbMin
00020200   _rgbOri
00026452   _s_adjust
00026454   _v_adjust
00022cf0   _vm3224bl
00022ae8   _vm3224init
00022ca0   _vm3224rate
0002060c   _ybr_565
ffffffff   binit
ffffffff   cinit
00000000   edata
00026484   end
00024440   etext
ffffffff   pinit


GLOBAL SYMBOLS: SORTED BY Symbol Address 

address    name
--------   ----
00000000   ___edata__
00000000   ___data__
00000000   .data
00000000   edata
00000200   _rgb
00002000   __STACK_SIZE
00020200   _rgbOri
00020204   _rgbAdj
00020208   _hsv0
00020214   _hsv1
00020220   _config
00020270   __IRQ_eventTable
000202f4   __IRQ_intTable
00020334   __IRQ_dispatchTable
000203c0   __cleanup_ptr
000203c4   __dtors_ptr
000203f8   __MCBSP_hDev0
000203fc   __MCBSP_hDev1
00020448   __lock
0002044c   __unlock
00020450   _DSK6713_AIC23_codeccontrolhandle
00020454   _DSK6713_AIC23_codecdatahandle
00020460   .text
00020460   _PLL6713
00020460   ___text__
0002060c   _ybr_565
00020924   _intr_disable
0002095c   _intr_select
00020a20   _intr_enable
00020a60   _c_int06
00020a84   _c_int15
00020acc   _rgbMax
00020b98   _rgbMin
00020c68   _RGB2HSV
00020f5c   _HSV2RGB
000213fc   _main
00022580   _i2c_init
00022a10   _i2c_Write
00022ae8   _vm3224init
00022ca0   _vm3224rate
00022cf0   _vm3224bl
00022d40   _DSK6713_AIC23_openCodec
00023060   _memcpy
000232a0   _MCBSP_reset
00023440   __divf
000235c0   _DSK6713_AIC23_rset
0002365c   _DSK6713_AIC23_rget
00023680   _DSK6713_AIC23_config
00023720   __auto_init
00023860   _exit
000239a0   __divi
00023ac0   __frcdivf
00023bc0   _MCBSP_open
00023cc0   _MCBSP_start
00023dc0   _modf
00023ea0   __strasg
00023f80   __fixdi
00024040   __fixfi
000240e0   __fltid
00024160   _c_int00
000241e0   __fltif
00024240   _floor
000242a0   __args_main
000242e0   __IRQ_hookFetchPacket
00024300   __addd
00024320   __cmpf
00024340   C$$EXIT
00024340   _abort
00024360   __cvtfd
00024380   __addf
000243a0   __subf
000243c0   __subd
000243e0   __mpyd
00024400   __nop
00024420   __mpyf
00024440   etext
00024440   __stack
00024440   ___etext__
00026440   ___bss__
00026440   $bss
00026440   _flag
00026440   .bss
00026444   _hCodec
00026448   _doHSV
0002644a   _negativeH
0002644c   _negativeS
0002644e   _negativeV
00026450   _h_adjust
00026452   _s_adjust
00026454   _v_adjust
00026458   _rTemp0
0002645c   _gTemp0
00026460   _bTemp0
00026464   _rTemp1
00026468   _gTemp1
0002646c   _bTemp1
00026484   end
00026484   ___end__
80000000   _lcd
80025800   _cam
ffffffff   cinit
ffffffff   pinit
ffffffff   ___cinit__
ffffffff   ___pinit__
ffffffff   ___c_args__
ffffffff   binit
ffffffff   ___binit__

[107 symbols]
