******************************************************************************
          TMS320C6x COFF Linker PC v5.1.0                      
******************************************************************************
>> Linked Sun Mar 28 17:12:41 2010

OUTPUT FILE NAME:   <MixedReality.out>
ENTRY POINT SYMBOL: "_c_int00"  address: 0002d8a0


MEMORY CONFIGURATION

                  name            origin    length      used    attr    fill
         ----------------------  --------  ---------  --------  ----  --------
         IDRAM                   00000000   00040000  0002fa50  RWIX
         SDRAM                   80000000   02000000  0004b000  RWIX


SECTION ALLOCATION MAP

 output                                  attributes/
section   page    origin      length       input sections
--------  ----  ----------  ----------   ----------------
.sdram     0    80000000    0004b000     UNINITIALIZED
                  80000000    0004b000     main.obj (.sdram)

.vectors   0    00000000    00000000     UNINITIALIZED

.const     0    00000000    00000000     UNINITIALIZED

.sysmem    0    00000000    00000000     UNINITIALIZED

.cio       0    00000000    00000000     UNINITIALIZED

.data      0    00000000    00000000     UNINITIALIZED

.cinit     0    00000000    00008b24     COPY SECTION
                  00000000    00008934     TrackBall.obj (.cinit)
                  00008934    00000004     --HOLE-- [fill = 0]
                  00008938    0000015a     Utility.obj (.cinit)
                  00008a92    00000006     --HOLE-- [fill = 0]
                  00008a98    0000002c     rts6700.lib : exit.obj (.cinit)
                  00008ac4    00000004     --HOLE-- [fill = 0]
                  00008ac8    00000025     vm3224k.obj (.cinit)
                  00008aed    00000003     --HOLE-- [fill = 0]
                  00008af0    0000001c     rts6700.lib : _lock.obj (.cinit)
                  00008b0c    00000004     --HOLE-- [fill = 0]
                  00008b10    0000000c                 : errno.obj (.cinit)
                  00008b1c    00000008     --HOLE-- [fill = 0]

.far       0    00000000    000289d4     UNINITIALIZED
                  00000000    00020000     main.obj (.far)
                  00020000    0000891c     TrackBall.obj (.far)
                  0002891c    0000008c     rts6700.lib : exit.obj (.far)
                  000289a8    0000001d     vm3224k.obj (.far)
                  000289c8    00000008     rts6700.lib : _lock.obj (.far)
                  000289d0    00000004                 : errno.obj (.far)

.text      0    000289e0    00005020     
                  000289e0    00001600     TrackBall.obj (.text)
                  00029fe0    000008c0     HSV.obj (.text)
                  0002a8a0    000007c0     vm3224k.obj (.text)
                  0002b060    00000700     DrawBox.obj (.text)
                  0002b760    00000700     main.obj (.text)
                  0002be60    000005c0     Utility.obj (.text)
                  0002c420    00000320     rts6700.lib : frcdivd.obj (.text:__frcdivd)
                  0002c740    00000280                 : divd.obj (.text:__divd)
                  0002c9c0    00000280                 : sqrt.obj (.text:_sqrt)
                  0002cc40    00000240                 : memcpy62.obj (.text:_memcpy)
                  0002ce80    000001c0                 : ldexp.obj (.text:_ldexp)
                  0002d040    00000180                 : divf.obj (.text:__divf)
                  0002d1c0    00000160                 : frexp.obj (.text:_frexp)
                  0002d320    00000140                 : exit.obj (.text:_exit)
                  0002d460    00000140                 : autoinit.obj (.text:__auto_init)
                  0002d5a0    00000120                 : divi.obj (.text:__divi)
                  0002d6c0    00000100                 : frcdivf.obj (.text:__frcdivf)
                  0002d7c0    000000e0                 : modf.obj (.text:_modf)
                  0002d8a0    00000080                 : boot.obj (.text:_c_int00)
                  0002d920    00000060                 : floor.obj (.text:_floor)
                  0002d980    00000040                 : args_main.obj (.text:__args_main)
                  0002d9c0    00000020                 : _lock.obj (.text:__nop)
                  0002d9e0    00000020                 : exit.obj (.text:_abort)

.stack     0    0002da00    00002000     UNINITIALIZED
                  0002da00    00000008     rts6700.lib : boot.obj (.stack)

.bss       0    0002fa00    0000005c     UNINITIALIZED
                  0002fa00    00000046     Utility.obj (.bss)
                  0002fa46    00000002     TrackBall.obj (.bss)
                  0002fa48    00000014     vm3224k.obj (.bss)


GLOBAL SYMBOLS: SORTED ALPHABETICALLY BY Name 

address    name
--------   ----
0002fa00   $bss
0002fa00   .bss
00000000   .data
000289e0   .text
0002d9e0   C$$EXIT
0002fa46   _BG_COLOR
0002b060   _DrawBox
0002a354   _HSV2RGB
0002c1b0   _InitializeFilter
0002be60   _PLL6713
0002a0e0   _RGB2HSV
000289e0   _TrackBall
00002000   __STACK_SIZE
ffffffff   ___binit__
0002fa00   ___bss__
ffffffff   ___c_args__
ffffffff   ___cinit__
00000000   ___data__
00000000   ___edata__
0002fa5c   ___end__
0002da00   ___etext__
ffffffff   ___pinit__
000289e0   ___text__
0002d980   __args_main
0002d460   __auto_init
000289a0   __cleanup_ptr
0002c740   __divd
0002d040   __divf
0002d5a0   __divi
000289a4   __dtors_ptr
0002c420   __frcdivd
0002d6c0   __frcdivf
000289c8   __lock
0002d9c0   __nop
0002da00   __stack
000289cc   __unlock
0002d9e0   _abort
80000000   _ary2_imgCamera
80025800   _ary2_imgFrame
00000000   _ary3_rgbTable
0002fa44   _bBoxBorder
0002fa42   _bBoxPadding
0002fa3c   _bLowerBound
0002fa40   _bQuantifiedLevel
0002fa3e   _bUpperBound
0002fa30   _bhBias
0002fa24   _bhThreshold
0002fa34   _bsBias
0002fa28   _bsThreshold
0002fa38   _bvBias
0002fa2c   _bvThreshold
0002d8a0   _c_int00
000289d0   _errno
0002d320   _exit
0002d920   _floor
0002d1c0   _frexp
0002ad30   _i2c_Write
0002a8a0   _i2c_init
00020000   _image
0002ce80   _ldexp
0002b760   _main
0002cc40   _memcpy
0002d7c0   _modf
0002fa20   _rBoxBorder
0002fa1e   _rBoxPadding
0002fa18   _rLowerBound
0002fa1c   _rQuantifiedLevel
0002fa1a   _rUpperBound
00029fe0   _rgbMax
0002a05c   _rgbMin
0002fa0c   _rhBias
0002fa00   _rhThreshold
0002fa10   _rsBias
0002fa04   _rsThreshold
0002fa14   _rvBias
0002fa08   _rvThreshold
0002c9c0   _sqrt
0002b010   _vm3224bl
0002ae08   _vm3224init
0002afc0   _vm3224rate
0002c00c   _ybr_565
ffffffff   binit
ffffffff   cinit
00000000   edata
0002fa5c   end
0002da00   etext
ffffffff   pinit


GLOBAL SYMBOLS: SORTED BY Symbol Address 

address    name
--------   ----
00000000   ___data__
00000000   edata
00000000   .data
00000000   ___edata__
00000000   _ary3_rgbTable
00002000   __STACK_SIZE
00020000   _image
000289a0   __cleanup_ptr
000289a4   __dtors_ptr
000289c8   __lock
000289cc   __unlock
000289d0   _errno
000289e0   ___text__
000289e0   .text
000289e0   _TrackBall
00029fe0   _rgbMax
0002a05c   _rgbMin
0002a0e0   _RGB2HSV
0002a354   _HSV2RGB
0002a8a0   _i2c_init
0002ad30   _i2c_Write
0002ae08   _vm3224init
0002afc0   _vm3224rate
0002b010   _vm3224bl
0002b060   _DrawBox
0002b760   _main
0002be60   _PLL6713
0002c00c   _ybr_565
0002c1b0   _InitializeFilter
0002c420   __frcdivd
0002c740   __divd
0002c9c0   _sqrt
0002cc40   _memcpy
0002ce80   _ldexp
0002d040   __divf
0002d1c0   _frexp
0002d320   _exit
0002d460   __auto_init
0002d5a0   __divi
0002d6c0   __frcdivf
0002d7c0   _modf
0002d8a0   _c_int00
0002d920   _floor
0002d980   __args_main
0002d9c0   __nop
0002d9e0   C$$EXIT
0002d9e0   _abort
0002da00   ___etext__
0002da00   etext
0002da00   __stack
0002fa00   .bss
0002fa00   ___bss__
0002fa00   _rhThreshold
0002fa00   $bss
0002fa04   _rsThreshold
0002fa08   _rvThreshold
0002fa0c   _rhBias
0002fa10   _rsBias
0002fa14   _rvBias
0002fa18   _rLowerBound
0002fa1a   _rUpperBound
0002fa1c   _rQuantifiedLevel
0002fa1e   _rBoxPadding
0002fa20   _rBoxBorder
0002fa24   _bhThreshold
0002fa28   _bsThreshold
0002fa2c   _bvThreshold
0002fa30   _bhBias
0002fa34   _bsBias
0002fa38   _bvBias
0002fa3c   _bLowerBound
0002fa3e   _bUpperBound
0002fa40   _bQuantifiedLevel
0002fa42   _bBoxPadding
0002fa44   _bBoxBorder
0002fa46   _BG_COLOR
0002fa5c   ___end__
0002fa5c   end
80000000   _ary2_imgCamera
80025800   _ary2_imgFrame
ffffffff   ___binit__
ffffffff   pinit
ffffffff   cinit
ffffffff   ___cinit__
ffffffff   ___pinit__
ffffffff   binit
ffffffff   ___c_args__

[87 symbols]
