******************************************************************************
          TMS320C6x COFF Linker PC v5.1.0                      
******************************************************************************
>> Linked Fri Feb 12 13:15:15 2010

OUTPUT FILE NAME:   <cam2yuv.out>
ENTRY POINT SYMBOL: "_c_int00"  address: 0000acc0


MEMORY CONFIGURATION

                  name            origin    length      used    attr    fill
         ----------------------  --------  ---------  --------  ----  --------
         IDRAM                   00000000   00040000  0000d01d  RWIX
         SDRAM                   80000000   01000000  00110000  RWIX


SECTION ALLOCATION MAP

 output                                  attributes/
section   page    origin      length       input sections
--------  ----  ----------  ----------   ----------------
.sdram     0    80000000    00110000     UNINITIALIZED
                  80000000    00110000     Video_Noise_Template.obj (.sdram)

.vectors   0    00000000    00000000     UNINITIALIZED

.sysmem    0    00000000    00000000     UNINITIALIZED

.cio       0    00000000    00000000     UNINITIALIZED

.data      0    00000000    00000000     UNINITIALIZED

.far       0    00000000    00008178     UNINITIALIZED
                  00000000    00008080     Video_Noise_Template.obj (.far)
                  00008080    0000008c     rts6700.lib : exit.obj (.far)
                  00008110    00000040                 : cos.obj (.far)
                  00008150    0000001d     vm3224k.obj (.far)
                  00008170    00000008     rts6700.lib : _lock.obj (.far)

.cinit     0    00000000    000100fc     COPY SECTION
                  00000000    00010038     Video_Noise_Template.obj (.cinit)
                  00010038    00000048     rts6700.lib : cos.obj (.cinit)
                  00010080    0000002c                 : exit.obj (.cinit)
                  000100ac    00000004     --HOLE-- [fill = 0]
                  000100b0    00000025     vm3224k.obj (.cinit)
                  000100d5    00000003     --HOLE-- [fill = 0]
                  000100d8    0000001c     rts6700.lib : _lock.obj (.cinit)
                  000100f4    00000008     --HOLE-- [fill = 0]

.text      0    00008180    00002d40     
                  00008180    00001000     Video_Noise_Template.obj (.text)
                  00009180    000007c0     vm3224k.obj (.text)
                  00009940    00000400     rts6700.lib : cos.obj (.text:_cos)
                  00009d40    00000320                 : frcdivd.obj (.text:__frcdivd)
                  0000a060    00000280                 : divd.obj (.text:__divd)
                  0000a2e0    00000240                 : memcpy62.obj (.text:_memcpy)
                  0000a520    00000140                 : atoi.obj (.text:_atoi)
                  0000a660    00000140                 : autoinit.obj (.text:__auto_init)
                  0000a7a0    00000140                 : exit.obj (.text:_exit)
                  0000a8e0    00000120                 : divi.obj (.text:__divi)
                  0000aa00    00000100                 : remi.obj (.text:__remi)
                  0000ab00    000000e0                 : modf.obj (.text:_modf)
                  0000abe0    000000e0                 : round.obj (.text:__round)
                  0000acc0    00000080                 : boot.obj (.text:_c_int00)
                  0000ad40    00000080                 : fltid.obj (.text:__fltid)
                  0000adc0    00000040                 : args_main.obj (.text:__args_main)
                  0000ae00    00000040                 : trunc.obj (.text:__trunc)
                  0000ae40    00000020                 : addd.obj (.text:__addd)
                  0000ae60    00000020                 : exit.obj (.text:_abort)
                  0000ae80    00000020                 : _lock.obj (.text:__nop)
                  0000aea0    00000020                 : mpyd.obj (.text:__mpyd)

.stack     0    0000aec0    00002000     UNINITIALIZED
                  0000aec0    00000008     rts6700.lib : boot.obj (.stack)

.const     0    0000cec0    00000101     
                  0000cec0    00000101     rts6700.lib : ctype.obj (.const)

.bss       0    0000cfc8    00000064     UNINITIALIZED
                  0000cfc8    00000050     Video_Noise_Template.obj (.bss)
                  0000d018    00000014     vm3224k.obj (.bss)


GLOBAL SYMBOLS: SORTED ALPHABETICALLY BY Name 

address    name
--------   ----
0000cfc8   $bss
0000cfc8   .bss
00000000   .data
00008180   .text
0000ae60   C$$EXIT
00000080   _DCT_Table
0000cfc8   _G1
0000cfd8   _GAIN0
0000cfe0   _GAIN1
0000cfe8   _GAIN2
0000cff0   _GAIN3
0000cff8   _GAIN4
0000d000   _GAIN5
0000d008   _GAIN6
0000d010   _GAIN7
0000cfcc   _N
00008180   _PLL6713
00002000   __STACK_SIZE
ffffffff   ___binit__
0000cfc8   ___bss__
ffffffff   ___c_args__
ffffffff   ___cinit__
00000000   ___data__
00000000   ___edata__
0000d02c   ___end__
0000aec0   ___etext__
ffffffff   ___pinit__
00008180   ___text__
0000ae40   __addd
0000adc0   __args_main
0000a660   __auto_init
00008104   __cleanup_ptr
0000cec0   __ctypes_
0000a060   __divd
0000a8e0   __divi
00008108   __dtors_ptr
0000ad40   __fltid
00009d40   __frcdivd
00008170   __lock
0000aea0   __mpyd
0000ae80   __nop
0000aa00   __remi
0000abe0   __round
0000aec0   __stack
0000ae00   __trunc
00008174   __unlock
0000ae60   _abort
0000a520   _atoi
0000acc0   _c_int00
00009940   _cos
80010000   _dct_img
0000a7a0   _exit
00009610   _i2c_Write
00009180   _i2c_init
80000000   _in_img
000084d0   _main
0000a2e0   _memcpy
0000ab00   _modf
0000cfd0   _pi
80090000   _rev_img
00000000   _rgb
000098f0   _vm3224bl
000096e8   _vm3224init
000098a0   _vm3224rate
0000832c   _ybr_565
ffffffff   binit
ffffffff   cinit
00000000   edata
0000d02c   end
0000aec0   etext
ffffffff   pinit


GLOBAL SYMBOLS: SORTED BY Symbol Address 

address    name
--------   ----
00000000   ___edata__
00000000   ___data__
00000000   .data
00000000   edata
00000000   _rgb
00000080   _DCT_Table
00002000   __STACK_SIZE
00008104   __cleanup_ptr
00008108   __dtors_ptr
00008170   __lock
00008174   __unlock
00008180   .text
00008180   _PLL6713
00008180   ___text__
0000832c   _ybr_565
000084d0   _main
00009180   _i2c_init
00009610   _i2c_Write
000096e8   _vm3224init
000098a0   _vm3224rate
000098f0   _vm3224bl
00009940   _cos
00009d40   __frcdivd
0000a060   __divd
0000a2e0   _memcpy
0000a520   _atoi
0000a660   __auto_init
0000a7a0   _exit
0000a8e0   __divi
0000aa00   __remi
0000ab00   _modf
0000abe0   __round
0000acc0   _c_int00
0000ad40   __fltid
0000adc0   __args_main
0000ae00   __trunc
0000ae40   __addd
0000ae60   _abort
0000ae60   C$$EXIT
0000ae80   __nop
0000aea0   __mpyd
0000aec0   __stack
0000aec0   ___etext__
0000aec0   etext
0000cec0   __ctypes_
0000cfc8   .bss
0000cfc8   ___bss__
0000cfc8   $bss
0000cfc8   _G1
0000cfcc   _N
0000cfd0   _pi
0000cfd8   _GAIN0
0000cfe0   _GAIN1
0000cfe8   _GAIN2
0000cff0   _GAIN3
0000cff8   _GAIN4
0000d000   _GAIN5
0000d008   _GAIN6
0000d010   _GAIN7
0000d02c   ___end__
0000d02c   end
80000000   _in_img
80010000   _dct_img
80090000   _rev_img
ffffffff   ___c_args__
ffffffff   pinit
ffffffff   ___pinit__
ffffffff   ___binit__
ffffffff   ___cinit__
ffffffff   cinit
ffffffff   binit

[71 symbols]
