******************************************************************************
          TMS320C6x COFF Linker PC v5.1.0                      
******************************************************************************
>> Linked Tue Feb 16 11:14:20 2010

OUTPUT FILE NAME:   <VALoopback.out>
ENTRY POINT SYMBOL: "_c_int00"  address: 00024a00


MEMORY CONFIGURATION

                  name            origin    length      used    attr    fill
         ----------------------  --------  ---------  --------  ----  --------
         IDRAM                   00000000   00040000  00026eb2  RWIX
         SDRAM                   80000000   02000000  00096000  RWIX


SECTION ALLOCATION MAP

 output                                  attributes/
section   page    origin      length       input sections
--------  ----  ----------  ----------   ----------------
.sdram     0    80000000    00096000     UNINITIALIZED
                  80000000    00096000     main.obj (.sdram)

.sysmem    0    00000000    00000000     UNINITIALIZED

.cio       0    00000000    00000000     UNINITIALIZED

.data      0    00000000    00000000     UNINITIALIZED

.vectors   0    00000000    00000200     
                  00000000    00000200     start.obj (.vectors)

.cinit     0    00000000    000002c4     COPY SECTION
                  00000000    0000012c     csl6713.lib : csl_irq.obj (.cinit)
                  0000012c    00000004     --HOLE-- [fill = 0]
                  00000130    00000080     main.obj (.cinit)
                  000001b0    00000054     csl6713.lib : csl_mcbsp.obj (.cinit)
                  00000204    00000004     --HOLE-- [fill = 0]
                  00000208    00000030     dsk6713bsl.lib : dsk6713_aic23_registers.obj (.cinit)
                  00000238    0000002c     rts6700.lib : exit.obj (.cinit)
                  00000264    00000004     --HOLE-- [fill = 0]
                  00000268    00000025     vm3224k.obj (.cinit)
                  0000028d    00000003     --HOLE-- [fill = 0]
                  00000290    0000001c     rts6700.lib : _lock.obj (.cinit)
                  000002ac    00000004     --HOLE-- [fill = 0]
                  000002b0    0000000c                 : errno.obj (.cinit)
                  000002bc    00000008     --HOLE-- [fill = 0]

.far       0    00000200    0002023e     UNINITIALIZED
                  00000200    00020028     main.obj (.far)
                  00020228    000000f4     csl6713.lib : csl_irq.obj (.far)
                  0002031c    0000008c     rts6700.lib : exit.obj (.far)
                  000203a8    00000038     csl6713.lib : csl_mcbsp.obj (.far)
                  000203e0    00000028     dsk6713bsl.lib : dsk6713_aic23_registers.obj (.far)
                  00020408    0000001d     vm3224k.obj (.far)
                  00020426    00000002     dsk6713bsl.lib : dsk6713_led.obj (.far)
                  00020428    00000008     rts6700.lib : _lock.obj (.far)
                  00020430    00000008     dsk6713bsl.lib : dsk6713_aic23_opencodec.obj (.far)
                  00020438    00000004     rts6700.lib : errno.obj (.far)
                  0002043c    00000002     dsk6713bsl.lib : dsk6713.obj (.far)

.text      0    00020440    000049e0     
                  00020440    00002060     main.obj (.text)
                  000224a0    000007c0     vm3224k.obj (.text)
                  00022c60    00000480     dsk6713bsl.lib : dsk6713.obj (.text)
                  000230e0    00000320                    : dsk6713_aic23_opencodec.obj (.text)
                  00023400    00000280     rts6700.lib : sqrt.obj (.text:_sqrt)
                  00023680    00000240                 : memcpy62.obj (.text:_memcpy)
                  000238c0    000001c0                 : ldexp.obj (.text:_ldexp)
                  00023a80    000001a0     dsk6713bsl.lib : dsk6713_led.obj (.text)
                  00023c20    000001a0     csl6713.lib : csl_mcbsp.obj (.text:_MCBSP_reset)
                  00023dc0    00000180     rts6700.lib : divf.obj (.text:__divf)
                  00023f40    00000160                 : frexp.obj (.text:_frexp)
                  000240a0    00000160     dsk6713bsl.lib : dsk6713_aic23_registers.obj (.text)
                  00024200    00000140     rts6700.lib : exit.obj (.text:_exit)
                  00024340    00000140                 : autoinit.obj (.text:__auto_init)
                  00024480    00000100                 : frcdivf.obj (.text:__frcdivf)
                  00024580    00000100     csl6713.lib : csl_mcbsp.obj (.text:_MCBSP_open)
                  00024680    00000100                 : csl_mcbsp.obj (.text:_MCBSP_start)
                  00024780    000000e0     rts6700.lib : strasg.obj (.text:__strasg)
                  00024860    000000e0                 : modf.obj (.text:_modf)
                  00024940    000000c0                 : fixdi.obj (.text:__fixdi)
                  00024a00    00000080                 : boot.obj (.text:_c_int00)
                  00024a80    00000080     dsk6713bsl.lib : dsk6713_dip.obj (.text)
                  00024b00    00000080     rts6700.lib : fltid.obj (.text:__fltid)
                  00024b80    00000060                 : fltif.obj (.text:__fltif)
                  00024be0    00000060                 : floor.obj (.text:_floor)
                  00024c40    00000040                 : args_main.obj (.text:__args_main)
                  00024c80    00000040                 : fltuf.obj (.text:__fltuf)
                  00024cc0    00000020                 : addf.obj (.text:__addf)
                  00024ce0    00000020                 : cvtfd.obj (.text:__cvtfd)
                  00024d00    00000020                 : addd.obj (.text:__addd)
                  00024d20    00000020                 : cvtdf.obj (.text:__cvtdf)
                  00024d40    00000020                 : exit.obj (.text:_abort)
                  00024d60    00000020                 : subd.obj (.text:__subd)
                  00024d80    00000020                 : mpyf.obj (.text:__mpyf)
                  00024da0    00000020                 : mpyd.obj (.text:__mpyd)
                  00024dc0    00000020                 : subf.obj (.text:__subf)
                  00024de0    00000020     csl6713.lib : csl_irq.obj (.text)
                  00024e00    00000020     rts6700.lib : _lock.obj (.text:__nop)

.stack     0    00024e20    00002000     UNINITIALIZED
                  00024e20    00000008     rts6700.lib : boot.obj (.stack)

.const     0    00026e20    00000070     
                  00026e20    00000040     dsk6713bsl.lib : dsk6713_aic23_opencodec.obj (.const)
                  00026e60    00000020                    : dsk6713.obj (.const)
                  00026e80    00000010     main.obj (.const)

.bss       0    00026e90    00000024     UNINITIALIZED
                  00026e90    00000014     vm3224k.obj (.bss)
                  00026ea4    00000010     main.obj (.bss)


GLOBAL SYMBOLS: SORTED ALPHABETICALLY BY Name 

address    name
--------   ----
00026e90   $bss
00026e90   .bss
00000000   .data
00020440   .text
00024d40   C$$EXIT
00020430   _DSK6713_AIC23_codeccontrolhandle
00020434   _DSK6713_AIC23_codecdatahandle
00024160   _DSK6713_AIC23_config
000230e0   _DSK6713_AIC23_openCodec
0002413c   _DSK6713_AIC23_rget
000240a0   _DSK6713_AIC23_rset
00024a88   _DSK6713_DIP_get
00024a80   _DSK6713_DIP_init
00023a80   _DSK6713_LED_init
00023aa8   _DSK6713_LED_off
00023b04   _DSK6713_LED_on
00023b60   _DSK6713_LED_toggle
00023074   _DSK6713_getVersion
00022cac   _DSK6713_init
00022fc8   _DSK6713_rget
00022fdc   _DSK6713_rset
0002043c   _DSK6713_version
00022ff0   _DSK6713_wait
00023048   _DSK6713_waitusec
00020bb8   _DrawBox
00024580   _MCBSP_open
00023c20   _MCBSP_reset
00024680   _MCBSP_start
00020440   _PLL6713
00026eae   _R_Border
00026eac   _R_Padding
00026ea8   _R_Threshold
00026eaa   _R_Tolerance
00020314   __IRQ_dispatchTable
00020250   __IRQ_eventTable
00024de0   __IRQ_hookFetchPacket
000202d4   __IRQ_intTable
000203d8   __MCBSP_hDev0
000203dc   __MCBSP_hDev1
00002000   __STACK_SIZE
ffffffff   ___binit__
00026e90   ___bss__
ffffffff   ___c_args__
ffffffff   ___cinit__
00000000   ___data__
00000000   ___edata__
00026eb4   ___end__
00024e20   ___etext__
ffffffff   ___pinit__
00020440   ___text__
00024d00   __addd
00024cc0   __addf
00024c40   __args_main
00024340   __auto_init
000203a0   __cleanup_ptr
00024d20   __cvtdf
00024ce0   __cvtfd
00023dc0   __divf
000203a4   __dtors_ptr
00024940   __fixdi
00024b00   __fltid
00024b80   __fltif
00024c80   __fltuf
00024480   __frcdivf
00020428   __lock
00024da0   __mpyd
00024d80   __mpyf
00024e00   __nop
00024e20   __stack
00024780   __strasg
00024d60   __subd
00024dc0   __subf
0002042c   __unlock
00024d40   _abort
00020b04   _boxInitialize
00024a00   _c_int00
00020a40   _c_int06
00020a64   _c_int15
80070800   _cam
00020200   _config
00020438   _errno
00024200   _exit
00026ea4   _flag
00024be0   _floor
00023f40   _frexp
00026eb0   _hCodec
00022930   _i2c_Write
000224a0   _i2c_init
00020ad8   _int_max
00020aac   _int_min
00020904   _intr_disable
00020a00   _intr_enable
0002093c   _intr_select
8004b000   _lcd
000238c0   _ldexp
000214c0   _main
00023680   _memcpy
00024860   _modf
80000000   _now
00000200   _rgb
00023400   _sqrt
80025800   _tmp
00022c10   _vm3224bl
00022a08   _vm3224init
00022bc0   _vm3224rate
000205ec   _ybr_565
ffffffff   binit
ffffffff   cinit
00000000   edata
00026eb4   end
00024e20   etext
ffffffff   pinit


GLOBAL SYMBOLS: SORTED BY Symbol Address 

address    name
--------   ----
00000000   ___edata__
00000000   ___data__
00000000   .data
00000000   edata
00000200   _rgb
00002000   __STACK_SIZE
00020200   _config
00020250   __IRQ_eventTable
000202d4   __IRQ_intTable
00020314   __IRQ_dispatchTable
000203a0   __cleanup_ptr
000203a4   __dtors_ptr
000203d8   __MCBSP_hDev0
000203dc   __MCBSP_hDev1
00020428   __lock
0002042c   __unlock
00020430   _DSK6713_AIC23_codeccontrolhandle
00020434   _DSK6713_AIC23_codecdatahandle
00020438   _errno
0002043c   _DSK6713_version
00020440   _PLL6713
00020440   .text
00020440   ___text__
000205ec   _ybr_565
00020904   _intr_disable
0002093c   _intr_select
00020a00   _intr_enable
00020a40   _c_int06
00020a64   _c_int15
00020aac   _int_min
00020ad8   _int_max
00020b04   _boxInitialize
00020bb8   _DrawBox
000214c0   _main
000224a0   _i2c_init
00022930   _i2c_Write
00022a08   _vm3224init
00022bc0   _vm3224rate
00022c10   _vm3224bl
00022cac   _DSK6713_init
00022fc8   _DSK6713_rget
00022fdc   _DSK6713_rset
00022ff0   _DSK6713_wait
00023048   _DSK6713_waitusec
00023074   _DSK6713_getVersion
000230e0   _DSK6713_AIC23_openCodec
00023400   _sqrt
00023680   _memcpy
000238c0   _ldexp
00023a80   _DSK6713_LED_init
00023aa8   _DSK6713_LED_off
00023b04   _DSK6713_LED_on
00023b60   _DSK6713_LED_toggle
00023c20   _MCBSP_reset
00023dc0   __divf
00023f40   _frexp
000240a0   _DSK6713_AIC23_rset
0002413c   _DSK6713_AIC23_rget
00024160   _DSK6713_AIC23_config
00024200   _exit
00024340   __auto_init
00024480   __frcdivf
00024580   _MCBSP_open
00024680   _MCBSP_start
00024780   __strasg
00024860   _modf
00024940   __fixdi
00024a00   _c_int00
00024a80   _DSK6713_DIP_init
00024a88   _DSK6713_DIP_get
00024b00   __fltid
00024b80   __fltif
00024be0   _floor
00024c40   __args_main
00024c80   __fltuf
00024cc0   __addf
00024ce0   __cvtfd
00024d00   __addd
00024d20   __cvtdf
00024d40   _abort
00024d40   C$$EXIT
00024d60   __subd
00024d80   __mpyf
00024da0   __mpyd
00024dc0   __subf
00024de0   __IRQ_hookFetchPacket
00024e00   __nop
00024e20   etext
00024e20   ___etext__
00024e20   __stack
00026e90   ___bss__
00026e90   $bss
00026e90   .bss
00026ea4   _flag
00026ea8   _R_Threshold
00026eaa   _R_Tolerance
00026eac   _R_Padding
00026eae   _R_Border
00026eb0   _hCodec
00026eb4   end
00026eb4   ___end__
80000000   _now
80025800   _tmp
8004b000   _lcd
80070800   _cam
ffffffff   cinit
ffffffff   pinit
ffffffff   ___cinit__
ffffffff   ___pinit__
ffffffff   ___c_args__
ffffffff   binit
ffffffff   ___binit__

[112 symbols]
