******************************************************************************
          TMS320C6x COFF Linker PC v5.1.0                      
******************************************************************************
>> Linked Tue Feb 23 16:23:52 2010

OUTPUT FILE NAME:   <VALoopback.out>
ENTRY POINT SYMBOL: "_c_int00"  address: 000267c0


MEMORY CONFIGURATION

                  name            origin    length      used    attr    fill
         ----------------------  --------  ---------  --------  ----  --------
         IDRAM                   00000000   00040000  00028b80  RWIX
         SDRAM                   80000000   02000000  0004b000  RWIX


SECTION ALLOCATION MAP

 output                                  attributes/
section   page    origin      length       input sections
--------  ----  ----------  ----------   ----------------
.sdram     0    80000000    0004b000     UNINITIALIZED
                  80000000    0004b000     main.obj (.sdram)

.sysmem    0    00000000    00000000     UNINITIALIZED

.cio       0    00000000    00000000     UNINITIALIZED

.data      0    00000000    00000000     UNINITIALIZED

.vectors   0    00000000    00000200     
                  00000000    00000200     start.obj (.vectors)

.cinit     0    00000000    0000181c     COPY SECTION
                  00000000    000015e8     main.obj (.cinit)
                  000015e8    0000012c     csl6713.lib : csl_irq.obj (.cinit)
                  00001714    00000004     --HOLE-- [fill = 0]
                  00001718    00000054                 : csl_mcbsp.obj (.cinit)
                  0000176c    00000004     --HOLE-- [fill = 0]
                  00001770    00000030     dsk6713bsl.lib : dsk6713_aic23_registers.obj (.cinit)
                  000017a0    0000002c     rts6700.lib : exit.obj (.cinit)
                  000017cc    00000004     --HOLE-- [fill = 0]
                  000017d0    00000025     vm3224k.obj (.cinit)
                  000017f5    00000003     --HOLE-- [fill = 0]
                  000017f8    0000001c     rts6700.lib : _lock.obj (.cinit)
                  00001814    00000008     --HOLE-- [fill = 0]

.far       0    00000200    00022c84     UNINITIALIZED
                  00000200    00022a74     main.obj (.far)
                  00022c74    000000f4     csl6713.lib : csl_irq.obj (.far)
                  00022d68    0000008c     rts6700.lib : exit.obj (.far)
                  00022df4    00000038     csl6713.lib : csl_mcbsp.obj (.far)
                  00022e2c    00000028     dsk6713bsl.lib : dsk6713_aic23_registers.obj (.far)
                  00022e54    0000001d     vm3224k.obj (.far)
                  00022e74    00000008     rts6700.lib : _lock.obj (.far)
                  00022e7c    00000008     dsk6713bsl.lib : dsk6713_aic23_opencodec.obj (.far)

.text      0    00022ea0    00003c80     
                  00022ea0    00001ee0     main.obj (.text)
                  00024d80    000007c0     vm3224k.obj (.text)
                  00025540    00000320     dsk6713bsl.lib : dsk6713_aic23_opencodec.obj (.text)
                  00025860    00000240     rts6700.lib : memcpy62.obj (.text:_memcpy)
                  00025aa0    000001a0     csl6713.lib : csl_mcbsp.obj (.text:_MCBSP_reset)
                  00025c40    00000180     rts6700.lib : divf.obj (.text:__divf)
                  00025dc0    00000160     dsk6713bsl.lib : dsk6713_aic23_registers.obj (.text)
                  00025f20    00000140     rts6700.lib : autoinit.obj (.text:__auto_init)
                  00026060    00000140                 : exit.obj (.text:_exit)
                  000261a0    00000100     csl6713.lib : csl_mcbsp.obj (.text:_MCBSP_start)
                  000262a0    00000100                 : csl_mcbsp.obj (.text:_MCBSP_open)
                  000263a0    00000100     rts6700.lib : frcdivf.obj (.text:__frcdivf)
                  000264a0    000000e0                 : strasg.obj (.text:__strasg)
                  00026580    000000e0                 : modf.obj (.text:_modf)
                  00026660    000000c0                 : fixdi.obj (.text:__fixdi)
                  00026720    000000a0                 : fixfi.obj (.text:__fixfi)
                  000267c0    00000080                 : boot.obj (.text:_c_int00)
                  00026840    00000080                 : fltid.obj (.text:__fltid)
                  000268c0    00000060                 : floor.obj (.text:_floor)
                  00026920    00000060                 : fltif.obj (.text:__fltif)
                  00026980    00000040                 : args_main.obj (.text:__args_main)
                  000269c0    00000020     csl6713.lib : csl_irq.obj (.text)
                  000269e0    00000020     rts6700.lib : exit.obj (.text:_abort)
                  00026a00    00000020                 : cvtfd.obj (.text:__cvtfd)
                  00026a20    00000020                 : addf.obj (.text:__addf)
                  00026a40    00000020                 : cmpf.obj (.text:__cmpf)
                  00026a60    00000020                 : mpyf.obj (.text:__mpyf)
                  00026a80    00000020                 : _lock.obj (.text:__nop)
                  00026aa0    00000020                 : addd.obj (.text:__addd)
                  00026ac0    00000020                 : mpyd.obj (.text:__mpyd)
                  00026ae0    00000020                 : subf.obj (.text:__subf)
                  00026b00    00000020                 : subd.obj (.text:__subd)

.stack     0    00026b20    00002000     UNINITIALIZED
                  00026b20    00000008     rts6700.lib : boot.obj (.stack)

.const     0    00028b20    00000040     
                  00028b20    00000040     dsk6713bsl.lib : dsk6713_aic23_opencodec.obj (.const)

.bss       0    00028b60    0000003c     UNINITIALIZED
                  00028b60    00000028     main.obj (.bss)
                  00028b88    00000014     vm3224k.obj (.bss)


GLOBAL SYMBOLS: SORTED ALPHABETICALLY BY Name 

address    name
--------   ----
00028b60   $bss
00028b60   .bss
00000000   .data
00022ea0   .text
000269e0   C$$EXIT
00022e7c   _DSK6713_AIC23_codeccontrolhandle
00022e80   _DSK6713_AIC23_codecdatahandle
00025e80   _DSK6713_AIC23_config
00025540   _DSK6713_AIC23_openCodec
00025e5c   _DSK6713_AIC23_rget
00025dc0   _DSK6713_AIC23_rset
0002399c   _HSV2RGB
000262a0   _MCBSP_open
00025aa0   _MCBSP_reset
000261a0   _MCBSP_start
00022ea0   _PLL6713
000236a8   _RGB2HSV
00022d60   __IRQ_dispatchTable
00022c9c   __IRQ_eventTable
000269c0   __IRQ_hookFetchPacket
00022d20   __IRQ_intTable
00022e24   __MCBSP_hDev0
00022e28   __MCBSP_hDev1
00002000   __STACK_SIZE
ffffffff   ___binit__
00028b60   ___bss__
ffffffff   ___c_args__
ffffffff   ___cinit__
00000000   ___data__
00000000   ___edata__
00028b9c   ___end__
00026b20   ___etext__
ffffffff   ___pinit__
00022ea0   ___text__
00026aa0   __addd
00026a20   __addf
00026980   __args_main
00025f20   __auto_init
00022dec   __cleanup_ptr
00026a40   __cmpf
00026a00   __cvtfd
00025c40   __divf
00022df0   __dtors_ptr
00026660   __fixdi
00026720   __fixfi
00026840   __fltid
00026920   __fltif
000263a0   __frcdivf
00022e74   __lock
00026ac0   __mpyd
00026a60   __mpyf
00026a80   __nop
00026b20   __stack
000264a0   __strasg
00026b00   __subd
00026ae0   __subf
00022e78   __unlock
000269e0   _abort
00028b84   _bTemp
00000200   _ball
00021720   _ball_img
000267c0   _c_int00
000234a0   _c_int06
000234c4   _c_int15
80025800   _cam
00022c4c   _config
00028b68   _doHSV
00026060   _exit
00028b60   _flag
000268c0   _floor
00028b80   _gTemp
00028b64   _hCodec
00028b70   _h_adjust
00022c40   _hsv
00025210   _i2c_Write
00024d80   _i2c_init
00023364   _intr_disable
00023460   _intr_enable
0002339c   _intr_select
80000000   _lcd
00023fc4   _main
00025860   _memcpy
00026580   _modf
00028b6a   _negativeH
00028b6c   _negativeS
00028b6e   _negativeV
00028b7c   _rTemp
00001720   _rgb
00028b7a   _rgbAdj
0002350c   _rgbMax
000235d8   _rgbMin
00028b78   _rgbOri
00028b72   _s_adjust
00028b76   _time
00028b74   _v_adjust
000254f0   _vm3224bl
000252e8   _vm3224init
000254a0   _vm3224rate
0002304c   _ybr_565
ffffffff   binit
ffffffff   cinit
00000000   edata
00028b9c   end
00026b20   etext
ffffffff   pinit


GLOBAL SYMBOLS: SORTED BY Symbol Address 

address    name
--------   ----
00000000   ___data__
00000000   ___edata__
00000000   .data
00000000   edata
00000200   _ball
00001720   _rgb
00002000   __STACK_SIZE
00021720   _ball_img
00022c40   _hsv
00022c4c   _config
00022c9c   __IRQ_eventTable
00022d20   __IRQ_intTable
00022d60   __IRQ_dispatchTable
00022dec   __cleanup_ptr
00022df0   __dtors_ptr
00022e24   __MCBSP_hDev0
00022e28   __MCBSP_hDev1
00022e74   __lock
00022e78   __unlock
00022e7c   _DSK6713_AIC23_codeccontrolhandle
00022e80   _DSK6713_AIC23_codecdatahandle
00022ea0   ___text__
00022ea0   .text
00022ea0   _PLL6713
0002304c   _ybr_565
00023364   _intr_disable
0002339c   _intr_select
00023460   _intr_enable
000234a0   _c_int06
000234c4   _c_int15
0002350c   _rgbMax
000235d8   _rgbMin
000236a8   _RGB2HSV
0002399c   _HSV2RGB
00023fc4   _main
00024d80   _i2c_init
00025210   _i2c_Write
000252e8   _vm3224init
000254a0   _vm3224rate
000254f0   _vm3224bl
00025540   _DSK6713_AIC23_openCodec
00025860   _memcpy
00025aa0   _MCBSP_reset
00025c40   __divf
00025dc0   _DSK6713_AIC23_rset
00025e5c   _DSK6713_AIC23_rget
00025e80   _DSK6713_AIC23_config
00025f20   __auto_init
00026060   _exit
000261a0   _MCBSP_start
000262a0   _MCBSP_open
000263a0   __frcdivf
000264a0   __strasg
00026580   _modf
00026660   __fixdi
00026720   __fixfi
000267c0   _c_int00
00026840   __fltid
000268c0   _floor
00026920   __fltif
00026980   __args_main
000269c0   __IRQ_hookFetchPacket
000269e0   _abort
000269e0   C$$EXIT
00026a00   __cvtfd
00026a20   __addf
00026a40   __cmpf
00026a60   __mpyf
00026a80   __nop
00026aa0   __addd
00026ac0   __mpyd
00026ae0   __subf
00026b00   __subd
00026b20   etext
00026b20   __stack
00026b20   ___etext__
00028b60   $bss
00028b60   .bss
00028b60   ___bss__
00028b60   _flag
00028b64   _hCodec
00028b68   _doHSV
00028b6a   _negativeH
00028b6c   _negativeS
00028b6e   _negativeV
00028b70   _h_adjust
00028b72   _s_adjust
00028b74   _v_adjust
00028b76   _time
00028b78   _rgbOri
00028b7a   _rgbAdj
00028b7c   _rTemp
00028b80   _gTemp
00028b84   _bTemp
00028b9c   end
00028b9c   ___end__
80000000   _lcd
80025800   _cam
ffffffff   ___pinit__
ffffffff   pinit
ffffffff   cinit
ffffffff   ___c_args__
ffffffff   ___cinit__
ffffffff   binit
ffffffff   ___binit__

[105 symbols]
