******************************************************************************
          TMS320C6x COFF Linker PC v5.1.0                      
******************************************************************************
>> Linked Sun Feb 28 17:09:41 2010

OUTPUT FILE NAME:   <VALoopback.out>
ENTRY POINT SYMBOL: "_c_int00"  address: 00025ea0


MEMORY CONFIGURATION

                  name            origin    length      used    attr    fill
         ----------------------  --------  ---------  --------  ----  --------
         IDRAM                   00000000   00040000  00028308  RWIX
         SDRAM                   80000000   02000000  00058d7c  RWIX


SECTION ALLOCATION MAP

 output                                  attributes/
section   page    origin      length       input sections
--------  ----  ----------  ----------   ----------------
.sdram     0    80000000    00058d7c     UNINITIALIZED
                  80000000    00058d7c     main.obj (.sdram)

.sysmem    0    00000000    00000000     UNINITIALIZED

.cio       0    00000000    00000000     UNINITIALIZED

.data      0    00000000    00000000     UNINITIALIZED

.vectors   0    00000000    00000200     
                  00000000    00000200     start.obj (.vectors)

.cinit     0    00000000    0000e1cc     COPY SECTION
                  00000000    0000de48     main.obj (.cinit)
                  0000de48    00000140     rts6700.lib : pow.obj (.cinit)
                  0000df88    0000012c     csl6713.lib : csl_irq.obj (.cinit)
                  0000e0b4    00000004     --HOLE-- [fill = 0]
                  0000e0b8    00000054                 : csl_mcbsp.obj (.cinit)
                  0000e10c    00000004     --HOLE-- [fill = 0]
                  0000e110    00000030     dsk6713bsl.lib : dsk6713_aic23_registers.obj (.cinit)
                  0000e140    0000002c     rts6700.lib : exit.obj (.cinit)
                  0000e16c    00000004     --HOLE-- [fill = 0]
                  0000e170    00000025     vm3224k.obj (.cinit)
                  0000e195    00000003     --HOLE-- [fill = 0]
                  0000e198    0000001c     rts6700.lib : _lock.obj (.cinit)
                  0000e1b4    00000004     --HOLE-- [fill = 0]
                  0000e1b8    0000000c                 : errno.obj (.cinit)
                  0000e1c4    00000008     --HOLE-- [fill = 0]

.far       0    00000200    0002035c     UNINITIALIZED
                  00000200    00020028     main.obj (.far)
                  00020228    00000120     rts6700.lib : pow.obj (.far)
                  00020348    000000f4     csl6713.lib : csl_irq.obj (.far)
                  0002043c    0000008c     rts6700.lib : exit.obj (.far)
                  000204c8    00000038     csl6713.lib : csl_mcbsp.obj (.far)
                  00020500    00000028     dsk6713bsl.lib : dsk6713_aic23_registers.obj (.far)
                  00020528    0000001d     vm3224k.obj (.far)
                  00020548    00000008     rts6700.lib : _lock.obj (.far)
                  00020550    00000008     dsk6713bsl.lib : dsk6713_aic23_opencodec.obj (.far)
                  00020558    00000004     rts6700.lib : errno.obj (.far)

.text      0    00020560    00005d20     
                  00020560    00002a00     main.obj (.text)
                  00022f60    00000aa0     rts6700.lib : pow.obj (.text:_pow)
                  00023a00    000007c0     vm3224k.obj (.text)
                  000241c0    00000320     rts6700.lib : frcdivd.obj (.text:__frcdivd)
                  000244e0    00000320     dsk6713bsl.lib : dsk6713_aic23_opencodec.obj (.text)
                  00024800    00000280     rts6700.lib : divd.obj (.text:__divd)
                  00024a80    00000240                 : memcpy62.obj (.text:_memcpy)
                  00024cc0    000001c0                 : ldexp.obj (.text:_ldexp)
                  00024e80    000001a0     csl6713.lib : csl_mcbsp.obj (.text:_MCBSP_reset)
                  00025020    00000180     rts6700.lib : divf.obj (.text:__divf)
                  000251a0    00000160     dsk6713bsl.lib : dsk6713_aic23_registers.obj (.text)
                  00025300    00000160     rts6700.lib : frexp.obj (.text:_frexp)
                  00025460    00000140                 : exit.obj (.text:_exit)
                  000255a0    00000140                 : autoinit.obj (.text:__auto_init)
                  000256e0    00000100     csl6713.lib : csl_mcbsp.obj (.text:_MCBSP_start)
                  000257e0    00000100                 : csl_mcbsp.obj (.text:_MCBSP_open)
                  000258e0    00000100     rts6700.lib : frcdivf.obj (.text:__frcdivf)
                  000259e0    000000e0                 : round.obj (.text:__round)
                  00025ac0    000000e0                 : strasg.obj (.text:__strasg)
                  00025ba0    000000e0                 : modf.obj (.text:_modf)
                  00025c80    000000c0                 : fixfu.obj (.text:__fixfu)
                  00025d40    000000c0                 : fixdi.obj (.text:__fixdi)
                  00025e00    000000a0                 : fixfi.obj (.text:__fixfi)
                  00025ea0    00000080                 : boot.obj (.text:_c_int00)
                  00025f20    00000080                 : fltid.obj (.text:__fltid)
                  00025fa0    00000060                 : fltif.obj (.text:__fltif)
                  00026000    00000040                 : fltuf.obj (.text:__fltuf)
                  00026040    00000040                 : trunc.obj (.text:__trunc)
                  00026080    00000040                 : fltud.obj (.text:__fltud)
                  000260c0    00000040                 : args_main.obj (.text:__args_main)
                  00026100    00000020                 : subd.obj (.text:__subd)
                  00026120    00000020                 : cvtdf.obj (.text:__cvtdf)
                  00026140    00000020                 : _lock.obj (.text:__nop)
                  00026160    00000020     csl6713.lib : csl_irq.obj (.text)
                  00026180    00000020     rts6700.lib : cvtfd.obj (.text:__cvtfd)
                  000261a0    00000020                 : cmpd.obj (.text:__cmpd)
                  000261c0    00000020                 : addf.obj (.text:__addf)
                  000261e0    00000020                 : addd.obj (.text:__addd)
                  00026200    00000020                 : exit.obj (.text:_abort)
                  00026220    00000020                 : mpyd.obj (.text:__mpyd)
                  00026240    00000020                 : subf.obj (.text:__subf)
                  00026260    00000020                 : mpyf.obj (.text:__mpyf)

.stack     0    00026280    00002000     UNINITIALIZED
                  00026280    00000008     rts6700.lib : boot.obj (.stack)

.bss       0    00028280    0000004c     UNINITIALIZED
                  00028280    00000038     main.obj (.bss)
                  000282b8    00000014     vm3224k.obj (.bss)

.const     0    000282cc    00000040     
                  000282cc    00000040     dsk6713bsl.lib : dsk6713_aic23_opencodec.obj (.const)


GLOBAL SYMBOLS: SORTED ALPHABETICALLY BY Name 

address    name
--------   ----
00028280   $bss
00028280   .bss
00000000   .data
00020560   .text
00026200   C$$EXIT
00020550   _DSK6713_AIC23_codeccontrolhandle
00020554   _DSK6713_AIC23_codecdatahandle
00025260   _DSK6713_AIC23_config
000244e0   _DSK6713_AIC23_openCodec
0002523c   _DSK6713_AIC23_rget
000251a0   _DSK6713_AIC23_rset
000214d0   _Lab2RGB
000257e0   _MCBSP_open
00024e80   _MCBSP_reset
000256e0   _MCBSP_start
00020560   _PLL6713
00020bcc   _RGB2Lab
00020434   __IRQ_dispatchTable
00020370   __IRQ_eventTable
00026160   __IRQ_hookFetchPacket
000203f4   __IRQ_intTable
000204f8   __MCBSP_hDev0
000204fc   __MCBSP_hDev1
00002000   __STACK_SIZE
ffffffff   ___binit__
00028280   ___bss__
ffffffff   ___c_args__
ffffffff   ___cinit__
00000000   ___data__
00000000   ___edata__
000282cc   ___end__
00026280   ___etext__
ffffffff   ___pinit__
00020560   ___text__
000261e0   __addd
000261c0   __addf
000260c0   __args_main
000255a0   __auto_init
000204c0   __cleanup_ptr
000261a0   __cmpd
00026120   __cvtdf
00026180   __cvtfd
00024800   __divd
00025020   __divf
000204c4   __dtors_ptr
00025d40   __fixdi
00025e00   __fixfi
00025c80   __fixfu
00025f20   __fltid
00025fa0   __fltif
00026080   __fltud
00026000   __fltuf
000241c0   __frcdivd
000258e0   __frcdivf
00020548   __lock
00026220   __mpyd
00026260   __mpyf
00026140   __nop
000259e0   __round
00026280   __stack
00025ac0   __strasg
00026100   __subd
00026240   __subf
00026040   __trunc
0002054c   __unlock
000282b0   _a
00028292   _a_adjust
00026200   _abort
000282b4   _b
000282aa   _bChar
000282a4   _bTemp
00028294   _b_adjust
00025ea0   _c_int00
00020b60   _c_int06
00020b84   _c_int15
8003357c   _cam
00020200   _config
00028288   _doLAB
00020558   _errno
00025460   _exit
00028280   _flag
00025300   _frexp
000282a9   _gChar
000282a0   _gTemp
00028284   _hCodec
00023e90   _i2c_Write
00023a00   _i2c_init
80000000   _image
00020a24   _intr_disable
00020b20   _intr_enable
00020a5c   _intr_select
000282ac   _l
00028290   _l_adjust
8000dd7c   _lcd
00024cc0   _ldexp
00021ed4   _main
00024a80   _memcpy
00025ba0   _modf
0002828c   _negativeA
0002828e   _negativeB
0002828a   _negativeL
00022f60   _pow
000282a8   _rChar
0002829c   _rTemp
00000200   _rgb
0002829a   _rgbAdj
00028298   _rgbOri
00028296   _time
00024170   _vm3224bl
00023f68   _vm3224init
00024120   _vm3224rate
0002070c   _ybr_565
ffffffff   binit
ffffffff   cinit
00000000   edata
000282cc   end
00026280   etext
ffffffff   pinit


GLOBAL SYMBOLS: SORTED BY Symbol Address 

address    name
--------   ----
00000000   .data
00000000   ___data__
00000000   edata
00000000   ___edata__
00000200   _rgb
00002000   __STACK_SIZE
00020200   _config
00020370   __IRQ_eventTable
000203f4   __IRQ_intTable
00020434   __IRQ_dispatchTable
000204c0   __cleanup_ptr
000204c4   __dtors_ptr
000204f8   __MCBSP_hDev0
000204fc   __MCBSP_hDev1
00020548   __lock
0002054c   __unlock
00020550   _DSK6713_AIC23_codeccontrolhandle
00020554   _DSK6713_AIC23_codecdatahandle
00020558   _errno
00020560   ___text__
00020560   _PLL6713
00020560   .text
0002070c   _ybr_565
00020a24   _intr_disable
00020a5c   _intr_select
00020b20   _intr_enable
00020b60   _c_int06
00020b84   _c_int15
00020bcc   _RGB2Lab
000214d0   _Lab2RGB
00021ed4   _main
00022f60   _pow
00023a00   _i2c_init
00023e90   _i2c_Write
00023f68   _vm3224init
00024120   _vm3224rate
00024170   _vm3224bl
000241c0   __frcdivd
000244e0   _DSK6713_AIC23_openCodec
00024800   __divd
00024a80   _memcpy
00024cc0   _ldexp
00024e80   _MCBSP_reset
00025020   __divf
000251a0   _DSK6713_AIC23_rset
0002523c   _DSK6713_AIC23_rget
00025260   _DSK6713_AIC23_config
00025300   _frexp
00025460   _exit
000255a0   __auto_init
000256e0   _MCBSP_start
000257e0   _MCBSP_open
000258e0   __frcdivf
000259e0   __round
00025ac0   __strasg
00025ba0   _modf
00025c80   __fixfu
00025d40   __fixdi
00025e00   __fixfi
00025ea0   _c_int00
00025f20   __fltid
00025fa0   __fltif
00026000   __fltuf
00026040   __trunc
00026080   __fltud
000260c0   __args_main
00026100   __subd
00026120   __cvtdf
00026140   __nop
00026160   __IRQ_hookFetchPacket
00026180   __cvtfd
000261a0   __cmpd
000261c0   __addf
000261e0   __addd
00026200   _abort
00026200   C$$EXIT
00026220   __mpyd
00026240   __subf
00026260   __mpyf
00026280   __stack
00026280   etext
00026280   ___etext__
00028280   ___bss__
00028280   _flag
00028280   $bss
00028280   .bss
00028284   _hCodec
00028288   _doLAB
0002828a   _negativeL
0002828c   _negativeA
0002828e   _negativeB
00028290   _l_adjust
00028292   _a_adjust
00028294   _b_adjust
00028296   _time
00028298   _rgbOri
0002829a   _rgbAdj
0002829c   _rTemp
000282a0   _gTemp
000282a4   _bTemp
000282a8   _rChar
000282a9   _gChar
000282aa   _bChar
000282ac   _l
000282b0   _a
000282b4   _b
000282cc   ___end__
000282cc   end
80000000   _image
8000dd7c   _lcd
8003357c   _cam
ffffffff   pinit
ffffffff   ___c_args__
ffffffff   cinit
ffffffff   ___cinit__
ffffffff   ___binit__
ffffffff   binit
ffffffff   ___pinit__

[118 symbols]
