******************************************************************************
          TMS320C6x COFF Linker PC v5.1.0                      
******************************************************************************
>> Linked Thu Feb 18 12:51:50 2010

OUTPUT FILE NAME:   <cam2yuv.out>
ENTRY POINT SYMBOL: "_c_int00"  address: 0000ade0


MEMORY CONFIGURATION

                  name            origin    length      used    attr    fill
         ----------------------  --------  ---------  --------  ----  --------
         IDRAM                   00000000   00040000  0000d0ac  RWIX
         SDRAM                   80000000   01000000  000a0000  RWIX


SECTION ALLOCATION MAP

 output                                  attributes/
section   page    origin      length       input sections
--------  ----  ----------  ----------   ----------------
.sdram     0    80000000    000a0000     UNINITIALIZED
                  80000000    000a0000     Video_Noise_Template.obj (.sdram)

.vectors   0    00000000    00000000     UNINITIALIZED

.const     0    00000000    00000000     UNINITIALIZED

.sysmem    0    00000000    00000000     UNINITIALIZED

.cio       0    00000000    00000000     UNINITIALIZED

.data      0    00000000    00000000     UNINITIALIZED

.far       0    00000000    000081a0     UNINITIALIZED
                  00000000    000080a0     Video_Noise_Template.obj (.far)
                  000080a0    0000008c     rts6700.lib : exit.obj (.far)
                  00008130    00000040                 : cos.obj (.far)
                  00008170    0000001d     vm3224k.obj (.far)
                  00008190    00000008     rts6700.lib : _lock.obj (.far)
                  00008198    00000008                 : rand.obj (.far)

.cinit     0    00000000    00010134     COPY SECTION
                  00000000    00010060     Video_Noise_Template.obj (.cinit)
                  00010060    00000048     rts6700.lib : cos.obj (.cinit)
                  000100a8    0000002c                 : exit.obj (.cinit)
                  000100d4    00000004     --HOLE-- [fill = 0]
                  000100d8    00000025     vm3224k.obj (.cinit)
                  000100fd    00000003     --HOLE-- [fill = 0]
                  00010100    0000001c     rts6700.lib : _lock.obj (.cinit)
                  0001011c    00000004     --HOLE-- [fill = 0]
                  00010120    00000010                 : rand.obj (.cinit)
                  00010130    00000004     --HOLE-- [fill = 0]

.text      0    000081a0    00002ee0     
                  000081a0    00001120     Video_Noise_Template.obj (.text)
                  000092c0    000007c0     vm3224k.obj (.text)
                  00009a80    00000400     rts6700.lib : cos.obj (.text:_cos)
                  00009e80    00000320                 : frcdivd.obj (.text:__frcdivd)
                  0000a1a0    00000280                 : divd.obj (.text:__divd)
                  0000a420    00000240                 : memcpy62.obj (.text:_memcpy)
                  0000a660    00000140                 : exit.obj (.text:_exit)
                  0000a7a0    00000140                 : autoinit.obj (.text:__auto_init)
                  0000a8e0    00000120                 : divi.obj (.text:__divi)
                  0000aa00    000000e0                 : modf.obj (.text:_modf)
                  0000aae0    000000e0                 : round.obj (.text:__round)
                  0000abc0    000000e0                 : rand.obj (.text:_rand)
                  0000aca0    000000c0                 : fixdu.obj (.text:__fixdu)
                  0000ad60    00000080                 : fltid.obj (.text:__fltid)
                  0000ade0    00000080                 : boot.obj (.text:_c_int00)
                  0000ae60    00000060                 : fltif.obj (.text:__fltif)
                  0000aec0    00000060                 : floor.obj (.text:_floor)
                  0000af20    00000040                 : trunc.obj (.text:__trunc)
                  0000af60    00000040                 : args_main.obj (.text:__args_main)
                  0000afa0    00000020                 : addd.obj (.text:__addd)
                  0000afc0    00000020                 : mpyd.obj (.text:__mpyd)
                  0000afe0    00000020                 : exit.obj (.text:_abort)
                  0000b000    00000020                 : cvtfd.obj (.text:__cvtfd)
                  0000b020    00000020                 : cmpd.obj (.text:__cmpd)
                  0000b040    00000020                 : _lock.obj (.text:__nop)
                  0000b060    00000020                 : mpyf.obj (.text:__mpyf)

.stack     0    0000b080    00002000     UNINITIALIZED
                  0000b080    00000008     rts6700.lib : boot.obj (.stack)

.bss       0    0000d080    0000002c     UNINITIALIZED
                  0000d080    00000018     Video_Noise_Template.obj (.bss)
                  0000d098    00000014     vm3224k.obj (.bss)


GLOBAL SYMBOLS: SORTED ALPHABETICALLY BY Name 

address    name
--------   ----
0000d080   $bss
0000d080   .bss
00000000   .data
000081a0   .text
0000afe0   C$$EXIT
000000a0   _DCT_Table
00000080   _GAIN
0000d080   _N
000081a0   _PLL6713
00002000   __STACK_SIZE
ffffffff   ___binit__
0000d080   ___bss__
ffffffff   ___c_args__
ffffffff   ___cinit__
00000000   ___data__
00000000   ___edata__
0000d0ac   ___end__
0000b080   ___etext__
ffffffff   ___pinit__
000081a0   ___text__
0000afa0   __addd
0000af60   __args_main
0000a7a0   __auto_init
00008124   __cleanup_ptr
0000b020   __cmpd
0000b000   __cvtfd
0000a1a0   __divd
0000a8e0   __divi
00008128   __dtors_ptr
0000aca0   __fixdu
0000ad60   __fltid
0000ae60   __fltif
00009e80   __frcdivd
00008190   __lock
0000afc0   __mpyd
0000b060   __mpyf
0000b040   __nop
0000aae0   __round
0000b080   __stack
0000af20   __trunc
00008194   __unlock
0000afe0   _abort
0000ade0   _c_int00
0000d088   _check
00009a80   _cos
80020000   _dct_img
0000a660   _exit
0000aec0   _floor
00009750   _i2c_Write
000092c0   _i2c_init
80000000   _in_img
000084f0   _main
0000a420   _memcpy
0000aa00   _modf
0000d090   _pi
0000abc0   _rand
80010000   _rev_img
00000000   _rgb
00009a30   _vm3224bl
00009828   _vm3224init
000099e0   _vm3224rate
0000834c   _ybr_565
ffffffff   binit
ffffffff   cinit
00000000   edata
0000d0ac   end
0000b080   etext
ffffffff   pinit


GLOBAL SYMBOLS: SORTED BY Symbol Address 

address    name
--------   ----
00000000   ___data__
00000000   ___edata__
00000000   .data
00000000   edata
00000000   _rgb
00000080   _GAIN
000000a0   _DCT_Table
00002000   __STACK_SIZE
00008124   __cleanup_ptr
00008128   __dtors_ptr
00008190   __lock
00008194   __unlock
000081a0   ___text__
000081a0   _PLL6713
000081a0   .text
0000834c   _ybr_565
000084f0   _main
000092c0   _i2c_init
00009750   _i2c_Write
00009828   _vm3224init
000099e0   _vm3224rate
00009a30   _vm3224bl
00009a80   _cos
00009e80   __frcdivd
0000a1a0   __divd
0000a420   _memcpy
0000a660   _exit
0000a7a0   __auto_init
0000a8e0   __divi
0000aa00   _modf
0000aae0   __round
0000abc0   _rand
0000aca0   __fixdu
0000ad60   __fltid
0000ade0   _c_int00
0000ae60   __fltif
0000aec0   _floor
0000af20   __trunc
0000af60   __args_main
0000afa0   __addd
0000afc0   __mpyd
0000afe0   C$$EXIT
0000afe0   _abort
0000b000   __cvtfd
0000b020   __cmpd
0000b040   __nop
0000b060   __mpyf
0000b080   etext
0000b080   __stack
0000b080   ___etext__
0000d080   .bss
0000d080   ___bss__
0000d080   $bss
0000d080   _N
0000d088   _check
0000d090   _pi
0000d0ac   end
0000d0ac   ___end__
80000000   _in_img
80010000   _rev_img
80020000   _dct_img
ffffffff   cinit
ffffffff   pinit
ffffffff   ___binit__
ffffffff   ___pinit__
ffffffff   ___cinit__
ffffffff   binit
ffffffff   ___c_args__

[68 symbols]
