******************************************************************************
          TMS320C6x COFF Linker PC v5.1.0                      
******************************************************************************
>> Linked Tue Feb 16 22:53:14 2010

OUTPUT FILE NAME:   <cam2yuv.out>
ENTRY POINT SYMBOL: "_c_int00"  address: 0000b0a0


MEMORY CONFIGURATION

                  name            origin    length      used    attr    fill
         ----------------------  --------  ---------  --------  ----  --------
         IDRAM                   00000000   00040000  0000d374  RWIX
         SDRAM                   80000000   01000000  000d0000  RWIX


SECTION ALLOCATION MAP

 output                                  attributes/
section   page    origin      length       input sections
--------  ----  ----------  ----------   ----------------
.sdram     0    80000000    000d0000     UNINITIALIZED
                  80000000    000d0000     Video_Noise_Template.obj (.sdram)

.vectors   0    00000000    00000000     UNINITIALIZED

.const     0    00000000    00000000     UNINITIALIZED

.sysmem    0    00000000    00000000     UNINITIALIZED

.cio       0    00000000    00000000     UNINITIALIZED

.data      0    00000000    00000000     UNINITIALIZED

.far       0    00000000    00008180     UNINITIALIZED
                  00000000    00008080     Video_Noise_Template.obj (.far)
                  00008080    0000008c     rts6700.lib : exit.obj (.far)
                  00008110    00000040                 : cos.obj (.far)
                  00008150    0000001d     vm3224k.obj (.far)
                  00008170    00000008     rts6700.lib : _lock.obj (.far)
                  00008178    00000008                 : rand.obj (.far)

.cinit     0    00000000    0001019c     COPY SECTION
                  00000000    000100c8     Video_Noise_Template.obj (.cinit)
                  000100c8    00000048     rts6700.lib : cos.obj (.cinit)
                  00010110    0000002c                 : exit.obj (.cinit)
                  0001013c    00000004     --HOLE-- [fill = 0]
                  00010140    00000025     vm3224k.obj (.cinit)
                  00010165    00000003     --HOLE-- [fill = 0]
                  00010168    0000001c     rts6700.lib : _lock.obj (.cinit)
                  00010184    00000004     --HOLE-- [fill = 0]
                  00010188    00000010                 : rand.obj (.cinit)
                  00010198    00000004     --HOLE-- [fill = 0]

.text      0    00008180    000031a0     
                  00008180    00001400     Video_Noise_Template.obj (.text)
                  00009580    000007c0     vm3224k.obj (.text)
                  00009d40    00000400     rts6700.lib : cos.obj (.text:_cos)
                  0000a140    00000320                 : frcdivd.obj (.text:__frcdivd)
                  0000a460    00000280                 : divd.obj (.text:__divd)
                  0000a6e0    00000240                 : memcpy62.obj (.text:_memcpy)
                  0000a920    00000140                 : exit.obj (.text:_exit)
                  0000aa60    00000140                 : autoinit.obj (.text:__auto_init)
                  0000aba0    00000120                 : divi.obj (.text:__divi)
                  0000acc0    000000e0                 : modf.obj (.text:_modf)
                  0000ada0    000000e0                 : round.obj (.text:__round)
                  0000ae80    000000e0                 : rand.obj (.text:_rand)
                  0000af60    000000c0                 : fixdi.obj (.text:__fixdi)
                  0000b020    00000080                 : fltid.obj (.text:__fltid)
                  0000b0a0    00000080                 : boot.obj (.text:_c_int00)
                  0000b120    00000060                 : floor.obj (.text:_floor)
                  0000b180    00000040                 : fltuf.obj (.text:__fltuf)
                  0000b1c0    00000040                 : trunc.obj (.text:__trunc)
                  0000b200    00000040                 : args_main.obj (.text:__args_main)
                  0000b240    00000020                 : addd.obj (.text:__addd)
                  0000b260    00000020                 : mpyd.obj (.text:__mpyd)
                  0000b280    00000020                 : exit.obj (.text:_abort)
                  0000b2a0    00000020                 : cvtfd.obj (.text:__cvtfd)
                  0000b2c0    00000020                 : cmpd.obj (.text:__cmpd)
                  0000b2e0    00000020                 : _lock.obj (.text:__nop)
                  0000b300    00000020                 : mpyf.obj (.text:__mpyf)

.stack     0    0000b320    00002000     UNINITIALIZED
                  0000b320    00000008     rts6700.lib : boot.obj (.stack)

.bss       0    0000d320    00000054     UNINITIALIZED
                  0000d320    00000040     Video_Noise_Template.obj (.bss)
                  0000d360    00000014     vm3224k.obj (.bss)


GLOBAL SYMBOLS: SORTED ALPHABETICALLY BY Name 

address    name
--------   ----
0000d320   $bss
0000d320   .bss
00000000   .data
00008180   .text
0000b280   C$$EXIT
00000080   _DCT_Table
0000d320   _GAIN0
0000d324   _GAIN1
0000d328   _GAIN2
0000d32c   _GAIN3
0000d330   _GAIN4
0000d334   _GAIN5
0000d338   _GAIN6
0000d33c   _GAIN7
0000d340   _N
00008180   _PLL6713
00002000   __STACK_SIZE
ffffffff   ___binit__
0000d320   ___bss__
ffffffff   ___c_args__
ffffffff   ___cinit__
00000000   ___data__
00000000   ___edata__
0000d374   ___end__
0000b320   ___etext__
ffffffff   ___pinit__
00008180   ___text__
0000b240   __addd
0000b200   __args_main
0000aa60   __auto_init
00008104   __cleanup_ptr
0000b2c0   __cmpd
0000b2a0   __cvtfd
0000a460   __divd
0000aba0   __divi
00008108   __dtors_ptr
0000af60   __fixdi
0000b020   __fltid
0000b180   __fltuf
0000a140   __frcdivd
00008170   __lock
0000b260   __mpyd
0000b300   __mpyf
0000b2e0   __nop
0000ada0   __round
0000b320   __stack
0000b1c0   __trunc
00008174   __unlock
0000b280   _abort
0000b0a0   _c_int00
0000d350   _check
00009d40   _cos
80010000   _dct_img
0000a920   _exit
0000b120   _floor
00009a10   _i2c_Write
00009580   _i2c_init
80000000   _in_img
000084d0   _main
0000a6e0   _memcpy
0000acc0   _modf
0000d348   _noise
0000d358   _pi
0000ae80   _rand
80090000   _rev_img
00000000   _rgb
00009cf0   _vm3224bl
00009ae8   _vm3224init
00009ca0   _vm3224rate
0000832c   _ybr_565
ffffffff   binit
ffffffff   cinit
00000000   edata
0000d374   end
0000b320   etext
ffffffff   pinit


GLOBAL SYMBOLS: SORTED BY Symbol Address 

address    name
--------   ----
00000000   ___data__
00000000   _rgb
00000000   .data
00000000   edata
00000000   ___edata__
00000080   _DCT_Table
00002000   __STACK_SIZE
00008104   __cleanup_ptr
00008108   __dtors_ptr
00008170   __lock
00008174   __unlock
00008180   _PLL6713
00008180   .text
00008180   ___text__
0000832c   _ybr_565
000084d0   _main
00009580   _i2c_init
00009a10   _i2c_Write
00009ae8   _vm3224init
00009ca0   _vm3224rate
00009cf0   _vm3224bl
00009d40   _cos
0000a140   __frcdivd
0000a460   __divd
0000a6e0   _memcpy
0000a920   _exit
0000aa60   __auto_init
0000aba0   __divi
0000acc0   _modf
0000ada0   __round
0000ae80   _rand
0000af60   __fixdi
0000b020   __fltid
0000b0a0   _c_int00
0000b120   _floor
0000b180   __fltuf
0000b1c0   __trunc
0000b200   __args_main
0000b240   __addd
0000b260   __mpyd
0000b280   _abort
0000b280   C$$EXIT
0000b2a0   __cvtfd
0000b2c0   __cmpd
0000b2e0   __nop
0000b300   __mpyf
0000b320   etext
0000b320   ___etext__
0000b320   __stack
0000d320   ___bss__
0000d320   _GAIN0
0000d320   .bss
0000d320   $bss
0000d324   _GAIN1
0000d328   _GAIN2
0000d32c   _GAIN3
0000d330   _GAIN4
0000d334   _GAIN5
0000d338   _GAIN6
0000d33c   _GAIN7
0000d340   _N
0000d348   _noise
0000d350   _check
0000d358   _pi
0000d374   end
0000d374   ___end__
80000000   _in_img
80010000   _dct_img
80090000   _rev_img
ffffffff   pinit
ffffffff   ___pinit__
ffffffff   cinit
ffffffff   ___c_args__
ffffffff   ___binit__
ffffffff   binit
ffffffff   ___cinit__

[76 symbols]
