******************************************************************************
          TMS320C6x COFF Linker PC v5.1.0                      
******************************************************************************
>> Linked Fri Jan 22 13:06:21 2010

OUTPUT FILE NAME:   <./Debug/LabTest01.out>
ENTRY POINT SYMBOL: "_c_int00"  address: 0000faa0


MEMORY CONFIGURATION

                  name            origin    length      used    attr    fill
         ----------------------  --------  ---------  --------  ----  --------
         IVECS                   00000000   00000220  00000200  RWIX
         IRAM                    00000220   0002fde0  000101bc  RWIX
         SDRAM                   80000000   00100000  00000000  RWIX
         FLASH                   90000000   00020000  00000000  RWIX


SECTION ALLOCATION MAP

 output                                  attributes/
section   page    origin      length       input sections
--------  ----  ----------  ----------   ----------------
.EXT_RAM   0    80000000    00000000     UNINITIALIZED

.data      0    00000000    00000000     UNINITIALIZED

.vecs      0    00000000    00000200     
                  00000000    00000200     Vectors_intr.obj (.vecs)

.bss       0    00000220    00000000     UNINITIALIZED

.sysmem    0    00000220    00000000     UNINITIALIZED

.switch    0    00000220    00000000     UNINITIALIZED

.cio       0    00000220    00000000     UNINITIALIZED

.csldata   0    00000220    00000000     UNINITIALIZED

.far       0    00000220    0000c618     UNINITIALIZED
                  00000220    0000c36a     Loop_intr.obj (.far)
                  0000c58a    00000002     dsk6713bsl.lib : dsk6713_led.obj (.far)
                  0000c58c    000000f4     csl6713.lib : csl_irq.obj (.far)
                  0000c680    0000008c     rts6700.lib : exit.obj (.far)
                  0000c70c    00000058     c6713dskinit.obj (.far)
                  0000c764    00000002     dsk6713bsl.lib : dsk6713.obj (.far)
                  0000c768    00000040     rts6700.lib : sin.obj (.far)
                  0000c7a8    00000038     csl6713.lib : csl_mcbsp.obj (.far)
                  0000c7e0    00000028     dsk6713bsl.lib : dsk6713_aic23_registers.obj (.far)
                  0000c808    00000020                    : dsk6713_aic23_setfreq.obj (.far)
                  0000c828    00000008                    : dsk6713_aic23_opencodec.obj (.far)
                  0000c830    00000008     rts6700.lib : _lock.obj (.far)

.text      0    0000c840    00003680     
                  0000c840    00000860     c6713dskinit.obj (.text)
                  0000d0a0    00000780     Loop_intr.obj (.text)
                  0000d820    00000480     dsk6713bsl.lib : dsk6713.obj (.text)
                  0000dca0    000003a0     rts6700.lib : sin.obj (.text:_sin)
                  0000e040    00000320     dsk6713bsl.lib : dsk6713_aic23_opencodec.obj (.text)
                  0000e360    00000240     rts6700.lib : memcpy62.obj (.text:_memcpy)
                  0000e5a0    000001c0     csl6713.lib : csl_irq.obj (.text:_IRQ_map)
                  0000e760    000001a0     dsk6713bsl.lib : dsk6713_led.obj (.text)
                  0000e900    000001a0     csl6713.lib : csl_mcbsp.obj (.text:_MCBSP_reset)
                  0000eaa0    00000180     rts6700.lib : divf.obj (.text:__divf)
                  0000ec20    00000160     dsk6713bsl.lib : dsk6713_aic23_registers.obj (.text)
                  0000ed80    00000140     rts6700.lib : autoinit.obj (.text:__auto_init)
                  0000eec0    00000140                 : exit.obj (.text:_exit)
                  0000f000    00000120                 : divi.obj (.text:__divi)
                  0000f120    00000100     csl6713.lib : csl_mcbsp.obj (.text:_MCBSP_start)
                  0000f220    00000100                 : csl_mcbsp.obj (.text:_MCBSP_open)
                  0000f320    00000100     rts6700.lib : frcdivf.obj (.text:__frcdivf)
                  0000f420    000000e0                 : strasg.obj (.text:__strasg)
                  0000f500    000000e0                 : modf.obj (.text:_modf)
                  0000f5e0    000000e0                 : round.obj (.text:__round)
                  0000f6c0    000000c0     dsk6713bsl.lib : dsk6713_aic23_setfreq.obj (.text)
                  0000f780    000000c0     rts6700.lib : fixdi.obj (.text:__fixdi)
                  0000f840    000000a0     csl6713.lib : csl_irq.obj (.text:_setMux)
                  0000f8e0    000000a0     rts6700.lib : fixfi.obj (.text:__fixfi)
                  0000f980    000000a0     csl6713.lib : csl_mcbsp.obj (.text:_MCBSP_config)
                  0000fa20    00000080     dsk6713bsl.lib : dsk6713_dip.obj (.text)
                  0000faa0    00000080     rts6700.lib : boot.obj (.text:_c_int00)
                  0000fb20    00000060                 : fltif.obj (.text:__fltif)
                  0000fb80    00000040                 : args_main.obj (.text:__args_main)
                  0000fbc0    00000040     csl6713.lib : csl_irq.obj (.text:_IRQ_reset)
                  0000fc00    00000040     rts6700.lib : trunc.obj (.text:__trunc)
                  0000fc40    00000040     csl6713.lib : csl_irq.obj (.text:_IRQ_enable)
                  0000fc80    00000020                 : csl_irq.obj (.text:_IRQ_globalEnable)
                  0000fca0    00000020                 : csl_irq.obj (.text:_IRQ_nmiEnable)
                  0000fcc0    00000020     rts6700.lib : mpyf.obj (.text:__mpyf)
                  0000fce0    00000020                 : subf.obj (.text:__subf)
                  0000fd00    00000020     csl6713.lib : csl_irq.obj (.text)
                  0000fd20    00000020                 : csl_irq.obj (.text:_IRQ_globalDisable)
                  0000fd40    00000020     rts6700.lib : exit.obj (.text:_abort)
                  0000fd60    00000020                 : addf.obj (.text:__addf)
                  0000fd80    00000020     csl6713.lib : csl_mcbsp.obj (.text:_MCBSP_xrdy)
                  0000fda0    00000020                 : csl_mcbsp.obj (.text:_MCBSP_rrdy)
                  0000fdc0    00000020                 : csl_mcbsp.obj (.text:_MCBSP_write)
                  0000fde0    00000020     Vectors_intr.obj (.text)
                  0000fe00    00000020     rts6700.lib : mpyd.obj (.text:__mpyd)
                  0000fe20    00000020                 : cmpf.obj (.text:__cmpf)
                  0000fe40    00000020     csl6713.lib : csl_mcbsp.obj (.text:_MCBSP_read)
                  0000fe60    00000020     rts6700.lib : cvtfd.obj (.text:__cvtfd)
                  0000fe80    00000020                 : _lock.obj (.text:__nop)
                  0000fea0    00000020     csl6713.lib : csl_mcbsp.obj (.text:_MCBSP_getXmtEventId)

.cinit     0    0000fec0    00000334     
                  0000fec0    0000012c     csl6713.lib : csl_irq.obj (.cinit)
                  0000ffec    00000004     --HOLE-- [fill = 0]
                  0000fff0    0000005c     Loop_intr.obj (.cinit)
                  0001004c    00000004     --HOLE-- [fill = 0]
                  00010050    00000058     c6713dskinit.obj (.cinit)
                  000100a8    00000054     csl6713.lib : csl_mcbsp.obj (.cinit)
                  000100fc    00000004     --HOLE-- [fill = 0]
                  00010100    00000048     rts6700.lib : sin.obj (.cinit)
                  00010148    00000030     dsk6713bsl.lib : dsk6713_aic23_registers.obj (.cinit)
                  00010178    0000002c     rts6700.lib : exit.obj (.cinit)
                  000101a4    00000004     --HOLE-- [fill = 0]
                  000101a8    00000028     dsk6713bsl.lib : dsk6713_aic23_setfreq.obj (.cinit)
                  000101d0    0000001c     rts6700.lib : _lock.obj (.cinit)
                  000101ec    00000008     --HOLE-- [fill = 0]

.stack     0    000101f8    00000190     UNINITIALIZED
                  000101f8    00000008     rts6700.lib : boot.obj (.stack)

.const     0    00010388    00000060     
                  00010388    00000040     dsk6713bsl.lib : dsk6713_aic23_opencodec.obj (.const)
                  000103c8    00000020                    : dsk6713.obj (.const)


GLOBAL SYMBOLS: SORTED ALPHABETICALLY BY Name 

address    name
--------   ----
00000220   $bss
00000220   .bss
00000000   .data
0000c840   .text
0000fd40   C$$EXIT
0000c718   _AIC23CfgData
0000c70c   _AIC_data
0000c828   _DSK6713_AIC23_codeccontrolhandle
0000c82c   _DSK6713_AIC23_codecdatahandle
0000ece0   _DSK6713_AIC23_config
0000e040   _DSK6713_AIC23_openCodec
0000ecbc   _DSK6713_AIC23_rget
0000ec20   _DSK6713_AIC23_rset
0000f6c0   _DSK6713_AIC23_setFreq
0000fa28   _DSK6713_DIP_get
0000fa20   _DSK6713_DIP_init
0000e760   _DSK6713_LED_init
0000e788   _DSK6713_LED_off
0000e7e4   _DSK6713_LED_on
0000e840   _DSK6713_LED_toggle
0000dc34   _DSK6713_getVersion
0000d86c   _DSK6713_init
0000db88   _DSK6713_rget
0000db9c   _DSK6713_rset
0000c764   _DSK6713_version
0000dbb0   _DSK6713_wait
0000dc08   _DSK6713_waitusec
0000fc40   _IRQ_enable
0000fd20   _IRQ_globalDisable
0000fc80   _IRQ_globalEnable
0000e5a0   _IRQ_map
0000fca0   _IRQ_nmiEnable
0000fbc0   _IRQ_reset
0000f980   _MCBSP_config
0000fea0   _MCBSP_getXmtEventId
0000f220   _MCBSP_open
0000fe40   _MCBSP_read
0000e900   _MCBSP_reset
0000fda0   _MCBSP_rrdy
0000f120   _MCBSP_start
0000fdc0   _MCBSP_write
0000fd80   _MCBSP_xrdy
00000228   _PI
0000c678   __IRQ_dispatchTable
0000c5b4   __IRQ_eventTable
0000fd00   __IRQ_hookFetchPacket
0000c638   __IRQ_intTable
0000c7d8   __MCBSP_hDev0
0000c7dc   __MCBSP_hDev1
00000190   __STACK_SIZE
ffffffff   ___binit__
00000220   ___bss__
ffffffff   ___c_args__
0000fec0   ___cinit__
00000000   ___data__
00000000   ___edata__
00000220   ___end__
0000fec0   ___etext__
ffffffff   ___pinit__
0000c840   ___text__
0000fd60   __addf
0000fb80   __args_main
0000ed80   __auto_init
0000c704   __cleanup_ptr
0000fe20   __cmpf
0000fe60   __cvtfd
0000eaa0   __divf
0000f000   __divi
0000c708   __dtors_ptr
0000f780   __fixdi
0000f8e0   __fixfi
0000fb20   __fltif
0000f320   __frcdivf
0000c830   __lock
0000fe00   __mpyd
0000fcc0   __mpyf
0000fe80   __nop
0000f5e0   __round
000101f8   __stack
0000f420   __strasg
0000fce0   __subf
0000fc00   __trunc
0000c834   __unlock
0000fd40   _abort
0000c840   _c6713_dsk_init
0000faa0   _c_int00
0000d0a0   _c_int11
0000c954   _comm_intr
0000c918   _comm_poll
0000c738   _config
0000eec0   _exit
00000220   _fs
0000d638   _gen_sine_table
0000c760   _hAIC23_handle
0000c588   _i
0000cee8   _input_left_sample
0000cfc0   _input_right_sample
0000cdc4   _input_sample
00000224   _inputsource
0000c580   _loopindex_100
0000c57c   _loopindex_LED
0000c584   _loopindex_modulator
0000d7c8   _main
0000e360   _memcpy
0000f500   _modf
0000cbd4   _output_left_sample
0000cccc   _output_right_sample
0000ca90   _output_sample
0000dca0   _sin
0000022c   _sine_table
00000020   _vector1
00000140   _vector10
00000180   _vector12
000001a0   _vector13
000001c0   _vector14
000001e0   _vector15
00000040   _vector2
00000060   _vector3
00000080   _vector4
000000a0   _vector5
000000c0   _vector6
000000e0   _vector7
00000100   _vector8
00000120   _vector9
00000000   _vectors
ffffffff   binit
0000fec0   cinit
00000000   edata
00000220   end
0000fec0   etext
ffffffff   pinit


GLOBAL SYMBOLS: SORTED BY Symbol Address 

address    name
--------   ----
00000000   edata
00000000   ___edata__
00000000   .data
00000000   ___data__
00000000   _vectors
00000020   _vector1
00000040   _vector2
00000060   _vector3
00000080   _vector4
000000a0   _vector5
000000c0   _vector6
000000e0   _vector7
00000100   _vector8
00000120   _vector9
00000140   _vector10
00000180   _vector12
00000190   __STACK_SIZE
000001a0   _vector13
000001c0   _vector14
000001e0   _vector15
00000220   ___end__
00000220   $bss
00000220   end
00000220   ___bss__
00000220   .bss
00000220   _fs
00000224   _inputsource
00000228   _PI
0000022c   _sine_table
0000c57c   _loopindex_LED
0000c580   _loopindex_100
0000c584   _loopindex_modulator
0000c588   _i
0000c5b4   __IRQ_eventTable
0000c638   __IRQ_intTable
0000c678   __IRQ_dispatchTable
0000c704   __cleanup_ptr
0000c708   __dtors_ptr
0000c70c   _AIC_data
0000c718   _AIC23CfgData
0000c738   _config
0000c760   _hAIC23_handle
0000c764   _DSK6713_version
0000c7d8   __MCBSP_hDev0
0000c7dc   __MCBSP_hDev1
0000c828   _DSK6713_AIC23_codeccontrolhandle
0000c82c   _DSK6713_AIC23_codecdatahandle
0000c830   __lock
0000c834   __unlock
0000c840   _c6713_dsk_init
0000c840   ___text__
0000c840   .text
0000c918   _comm_poll
0000c954   _comm_intr
0000ca90   _output_sample
0000cbd4   _output_left_sample
0000cccc   _output_right_sample
0000cdc4   _input_sample
0000cee8   _input_left_sample
0000cfc0   _input_right_sample
0000d0a0   _c_int11
0000d638   _gen_sine_table
0000d7c8   _main
0000d86c   _DSK6713_init
0000db88   _DSK6713_rget
0000db9c   _DSK6713_rset
0000dbb0   _DSK6713_wait
0000dc08   _DSK6713_waitusec
0000dc34   _DSK6713_getVersion
0000dca0   _sin
0000e040   _DSK6713_AIC23_openCodec
0000e360   _memcpy
0000e5a0   _IRQ_map
0000e760   _DSK6713_LED_init
0000e788   _DSK6713_LED_off
0000e7e4   _DSK6713_LED_on
0000e840   _DSK6713_LED_toggle
0000e900   _MCBSP_reset
0000eaa0   __divf
0000ec20   _DSK6713_AIC23_rset
0000ecbc   _DSK6713_AIC23_rget
0000ece0   _DSK6713_AIC23_config
0000ed80   __auto_init
0000eec0   _exit
0000f000   __divi
0000f120   _MCBSP_start
0000f220   _MCBSP_open
0000f320   __frcdivf
0000f420   __strasg
0000f500   _modf
0000f5e0   __round
0000f6c0   _DSK6713_AIC23_setFreq
0000f780   __fixdi
0000f8e0   __fixfi
0000f980   _MCBSP_config
0000fa20   _DSK6713_DIP_init
0000fa28   _DSK6713_DIP_get
0000faa0   _c_int00
0000fb20   __fltif
0000fb80   __args_main
0000fbc0   _IRQ_reset
0000fc00   __trunc
0000fc40   _IRQ_enable
0000fc80   _IRQ_globalEnable
0000fca0   _IRQ_nmiEnable
0000fcc0   __mpyf
0000fce0   __subf
0000fd00   __IRQ_hookFetchPacket
0000fd20   _IRQ_globalDisable
0000fd40   _abort
0000fd40   C$$EXIT
0000fd60   __addf
0000fd80   _MCBSP_xrdy
0000fda0   _MCBSP_rrdy
0000fdc0   _MCBSP_write
0000fe00   __mpyd
0000fe20   __cmpf
0000fe40   _MCBSP_read
0000fe60   __cvtfd
0000fe80   __nop
0000fea0   _MCBSP_getXmtEventId
0000fec0   etext
0000fec0   cinit
0000fec0   ___cinit__
0000fec0   ___etext__
000101f8   __stack
ffffffff   pinit
ffffffff   ___binit__
ffffffff   ___pinit__
ffffffff   ___c_args__
ffffffff   binit

[131 symbols]
