******************************************************************************
          TMS320C6x COFF Linker PC v5.1.0                      
******************************************************************************
>> Linked Sat Feb 20 17:12:09 2010

OUTPUT FILE NAME:   <VALoopback.out>
ENTRY POINT SYMBOL: "_c_int00"  address: 00026820


MEMORY CONFIGURATION

                  name            origin    length      used    attr    fill
         ----------------------  --------  ---------  --------  ----  --------
         IDRAM                   00000000   00040000  00028be0  RWIX
         SDRAM                   80000000   02000000  0004b000  RWIX


SECTION ALLOCATION MAP

 output                                  attributes/
section   page    origin      length       input sections
--------  ----  ----------  ----------   ----------------
.sdram     0    80000000    0004b000     UNINITIALIZED
                  80000000    0004b000     main.obj (.sdram)

.sysmem    0    00000000    00000000     UNINITIALIZED

.cio       0    00000000    00000000     UNINITIALIZED

.data      0    00000000    00000000     UNINITIALIZED

.vectors   0    00000000    00000200     
                  00000000    00000200     start.obj (.vectors)

.cinit     0    00000000    0000181c     COPY SECTION
                  00000000    000015e8     main.obj (.cinit)
                  000015e8    0000012c     csl6713.lib : csl_irq.obj (.cinit)
                  00001714    00000004     --HOLE-- [fill = 0]
                  00001718    00000054                 : csl_mcbsp.obj (.cinit)
                  0000176c    00000004     --HOLE-- [fill = 0]
                  00001770    00000030     dsk6713bsl.lib : dsk6713_aic23_registers.obj (.cinit)
                  000017a0    0000002c     rts6700.lib : exit.obj (.cinit)
                  000017cc    00000004     --HOLE-- [fill = 0]
                  000017d0    00000025     vm3224k.obj (.cinit)
                  000017f5    00000003     --HOLE-- [fill = 0]
                  000017f8    0000001c     rts6700.lib : _lock.obj (.cinit)
                  00001814    00000008     --HOLE-- [fill = 0]

.far       0    00000200    00022c84     UNINITIALIZED
                  00000200    00022a74     main.obj (.far)
                  00022c74    000000f4     csl6713.lib : csl_irq.obj (.far)
                  00022d68    0000008c     rts6700.lib : exit.obj (.far)
                  00022df4    00000038     csl6713.lib : csl_mcbsp.obj (.far)
                  00022e2c    00000028     dsk6713bsl.lib : dsk6713_aic23_registers.obj (.far)
                  00022e54    0000001d     vm3224k.obj (.far)
                  00022e74    00000008     rts6700.lib : _lock.obj (.far)
                  00022e7c    00000008     dsk6713bsl.lib : dsk6713_aic23_opencodec.obj (.far)

.text      0    00022ea0    00003ce0     
                  00022ea0    00001f40     main.obj (.text)
                  00024de0    000007c0     vm3224k.obj (.text)
                  000255a0    00000320     dsk6713bsl.lib : dsk6713_aic23_opencodec.obj (.text)
                  000258c0    00000240     rts6700.lib : memcpy62.obj (.text:_memcpy)
                  00025b00    000001a0     csl6713.lib : csl_mcbsp.obj (.text:_MCBSP_reset)
                  00025ca0    00000180     rts6700.lib : divf.obj (.text:__divf)
                  00025e20    00000160     dsk6713bsl.lib : dsk6713_aic23_registers.obj (.text)
                  00025f80    00000140     rts6700.lib : autoinit.obj (.text:__auto_init)
                  000260c0    00000140                 : exit.obj (.text:_exit)
                  00026200    00000100     csl6713.lib : csl_mcbsp.obj (.text:_MCBSP_start)
                  00026300    00000100                 : csl_mcbsp.obj (.text:_MCBSP_open)
                  00026400    00000100     rts6700.lib : frcdivf.obj (.text:__frcdivf)
                  00026500    000000e0                 : strasg.obj (.text:__strasg)
                  000265e0    000000e0                 : modf.obj (.text:_modf)
                  000266c0    000000c0                 : fixdi.obj (.text:__fixdi)
                  00026780    000000a0                 : fixfi.obj (.text:__fixfi)
                  00026820    00000080                 : boot.obj (.text:_c_int00)
                  000268a0    00000080                 : fltid.obj (.text:__fltid)
                  00026920    00000060                 : floor.obj (.text:_floor)
                  00026980    00000060                 : fltif.obj (.text:__fltif)
                  000269e0    00000040                 : args_main.obj (.text:__args_main)
                  00026a20    00000020     csl6713.lib : csl_irq.obj (.text)
                  00026a40    00000020     rts6700.lib : exit.obj (.text:_abort)
                  00026a60    00000020                 : cvtfd.obj (.text:__cvtfd)
                  00026a80    00000020                 : addf.obj (.text:__addf)
                  00026aa0    00000020                 : cmpf.obj (.text:__cmpf)
                  00026ac0    00000020                 : mpyf.obj (.text:__mpyf)
                  00026ae0    00000020                 : _lock.obj (.text:__nop)
                  00026b00    00000020                 : addd.obj (.text:__addd)
                  00026b20    00000020                 : mpyd.obj (.text:__mpyd)
                  00026b40    00000020                 : subf.obj (.text:__subf)
                  00026b60    00000020                 : subd.obj (.text:__subd)

.stack     0    00026b80    00002000     UNINITIALIZED
                  00026b80    00000008     rts6700.lib : boot.obj (.stack)

.const     0    00028b80    00000040     
                  00028b80    00000040     dsk6713bsl.lib : dsk6713_aic23_opencodec.obj (.const)

.bss       0    00028bc0    0000003c     UNINITIALIZED
                  00028bc0    00000028     main.obj (.bss)
                  00028be8    00000014     vm3224k.obj (.bss)


GLOBAL SYMBOLS: SORTED ALPHABETICALLY BY Name 

address    name
--------   ----
00028bc0   $bss
00028bc0   .bss
00000000   .data
00022ea0   .text
00026a40   C$$EXIT
00022e7c   _DSK6713_AIC23_codeccontrolhandle
00022e80   _DSK6713_AIC23_codecdatahandle
00025ee0   _DSK6713_AIC23_config
000255a0   _DSK6713_AIC23_openCodec
00025ebc   _DSK6713_AIC23_rget
00025e20   _DSK6713_AIC23_rset
0002399c   _HSV2RGB
00026300   _MCBSP_open
00025b00   _MCBSP_reset
00026200   _MCBSP_start
00022ea0   _PLL6713
000236a8   _RGB2HSV
00022d60   __IRQ_dispatchTable
00022c9c   __IRQ_eventTable
00026a20   __IRQ_hookFetchPacket
00022d20   __IRQ_intTable
00022e24   __MCBSP_hDev0
00022e28   __MCBSP_hDev1
00002000   __STACK_SIZE
ffffffff   ___binit__
00028bc0   ___bss__
ffffffff   ___c_args__
ffffffff   ___cinit__
00000000   ___data__
00000000   ___edata__
00028bfc   ___end__
00026b80   ___etext__
ffffffff   ___pinit__
00022ea0   ___text__
00026b00   __addd
00026a80   __addf
000269e0   __args_main
00025f80   __auto_init
00022dec   __cleanup_ptr
00026aa0   __cmpf
00026a60   __cvtfd
00025ca0   __divf
00022df0   __dtors_ptr
000266c0   __fixdi
00026780   __fixfi
000268a0   __fltid
00026980   __fltif
00026400   __frcdivf
00022e74   __lock
00026b20   __mpyd
00026ac0   __mpyf
00026ae0   __nop
00026b80   __stack
00026500   __strasg
00026b60   __subd
00026b40   __subf
00022e78   __unlock
00026a40   _abort
00028be4   _bTemp
00000200   _ball
00021720   _ball_img
00026820   _c_int00
000234a0   _c_int06
000234c4   _c_int15
80025800   _cam
00022c4c   _config
00028bc8   _doHSV
000260c0   _exit
00028bc0   _flag
00026920   _floor
00028be0   _gTemp
00028bc4   _hCodec
00028bd0   _h_adjust
00022c40   _hsv
00025270   _i2c_Write
00024de0   _i2c_init
00023364   _intr_disable
00023460   _intr_enable
0002339c   _intr_select
80000000   _lcd
00023fc4   _main
000258c0   _memcpy
000265e0   _modf
00028bca   _negativeH
00028bcc   _negativeS
00028bce   _negativeV
00028bdc   _rTemp
00001720   _rgb
00028bda   _rgbAdj
0002350c   _rgbMax
000235d8   _rgbMin
00028bd8   _rgbOri
00028bd2   _s_adjust
00028bd6   _time
00028bd4   _v_adjust
00025550   _vm3224bl
00025348   _vm3224init
00025500   _vm3224rate
0002304c   _ybr_565
ffffffff   binit
ffffffff   cinit
00000000   edata
00028bfc   end
00026b80   etext
ffffffff   pinit


GLOBAL SYMBOLS: SORTED BY Symbol Address 

address    name
--------   ----
00000000   ___data__
00000000   ___edata__
00000000   .data
00000000   edata
00000200   _ball
00001720   _rgb
00002000   __STACK_SIZE
00021720   _ball_img
00022c40   _hsv
00022c4c   _config
00022c9c   __IRQ_eventTable
00022d20   __IRQ_intTable
00022d60   __IRQ_dispatchTable
00022dec   __cleanup_ptr
00022df0   __dtors_ptr
00022e24   __MCBSP_hDev0
00022e28   __MCBSP_hDev1
00022e74   __lock
00022e78   __unlock
00022e7c   _DSK6713_AIC23_codeccontrolhandle
00022e80   _DSK6713_AIC23_codecdatahandle
00022ea0   ___text__
00022ea0   .text
00022ea0   _PLL6713
0002304c   _ybr_565
00023364   _intr_disable
0002339c   _intr_select
00023460   _intr_enable
000234a0   _c_int06
000234c4   _c_int15
0002350c   _rgbMax
000235d8   _rgbMin
000236a8   _RGB2HSV
0002399c   _HSV2RGB
00023fc4   _main
00024de0   _i2c_init
00025270   _i2c_Write
00025348   _vm3224init
00025500   _vm3224rate
00025550   _vm3224bl
000255a0   _DSK6713_AIC23_openCodec
000258c0   _memcpy
00025b00   _MCBSP_reset
00025ca0   __divf
00025e20   _DSK6713_AIC23_rset
00025ebc   _DSK6713_AIC23_rget
00025ee0   _DSK6713_AIC23_config
00025f80   __auto_init
000260c0   _exit
00026200   _MCBSP_start
00026300   _MCBSP_open
00026400   __frcdivf
00026500   __strasg
000265e0   _modf
000266c0   __fixdi
00026780   __fixfi
00026820   _c_int00
000268a0   __fltid
00026920   _floor
00026980   __fltif
000269e0   __args_main
00026a20   __IRQ_hookFetchPacket
00026a40   _abort
00026a40   C$$EXIT
00026a60   __cvtfd
00026a80   __addf
00026aa0   __cmpf
00026ac0   __mpyf
00026ae0   __nop
00026b00   __addd
00026b20   __mpyd
00026b40   __subf
00026b60   __subd
00026b80   etext
00026b80   __stack
00026b80   ___etext__
00028bc0   $bss
00028bc0   .bss
00028bc0   ___bss__
00028bc0   _flag
00028bc4   _hCodec
00028bc8   _doHSV
00028bca   _negativeH
00028bcc   _negativeS
00028bce   _negativeV
00028bd0   _h_adjust
00028bd2   _s_adjust
00028bd4   _v_adjust
00028bd6   _time
00028bd8   _rgbOri
00028bda   _rgbAdj
00028bdc   _rTemp
00028be0   _gTemp
00028be4   _bTemp
00028bfc   end
00028bfc   ___end__
80000000   _lcd
80025800   _cam
ffffffff   ___pinit__
ffffffff   pinit
ffffffff   cinit
ffffffff   ___c_args__
ffffffff   ___cinit__
ffffffff   binit
ffffffff   ___binit__

[105 symbols]
