******************************************************************************
          TMS320C6x COFF Linker PC v5.1.0                      
******************************************************************************
>> Linked Thu Feb 18 12:56:14 2010

OUTPUT FILE NAME:   <VALoopback.out>
ENTRY POINT SYMBOL: "_c_int00"  address: 00024da0


MEMORY CONFIGURATION

                  name            origin    length      used    attr    fill
         ----------------------  --------  ---------  --------  ----  --------
         IDRAM                   00000000   00040000  0002718e  RWIX
         SDRAM                   80000000   02000000  00096000  RWIX


SECTION ALLOCATION MAP

 output                                  attributes/
section   page    origin      length       input sections
--------  ----  ----------  ----------   ----------------
.sdram     0    80000000    00096000     UNINITIALIZED
                  80000000    00096000     main.obj (.sdram)

.sysmem    0    00000000    00000000     UNINITIALIZED

.cio       0    00000000    00000000     UNINITIALIZED

.data      0    00000000    00000000     UNINITIALIZED

.vectors   0    00000000    00000200     
                  00000000    00000200     start.obj (.vectors)

.cinit     0    00000000    000002c4     COPY SECTION
                  00000000    0000012c     csl6713.lib : csl_irq.obj (.cinit)
                  0000012c    00000004     --HOLE-- [fill = 0]
                  00000130    00000080     main.obj (.cinit)
                  000001b0    00000054     csl6713.lib : csl_mcbsp.obj (.cinit)
                  00000204    00000004     --HOLE-- [fill = 0]
                  00000208    00000030     dsk6713bsl.lib : dsk6713_aic23_registers.obj (.cinit)
                  00000238    0000002c     rts6700.lib : exit.obj (.cinit)
                  00000264    00000004     --HOLE-- [fill = 0]
                  00000268    00000025     vm3224k.obj (.cinit)
                  0000028d    00000003     --HOLE-- [fill = 0]
                  00000290    0000001c     rts6700.lib : _lock.obj (.cinit)
                  000002ac    00000004     --HOLE-- [fill = 0]
                  000002b0    0000000c                 : errno.obj (.cinit)
                  000002bc    00000008     --HOLE-- [fill = 0]

.far       0    00000200    0002023e     UNINITIALIZED
                  00000200    00020028     main.obj (.far)
                  00020228    000000f4     csl6713.lib : csl_irq.obj (.far)
                  0002031c    0000008c     rts6700.lib : exit.obj (.far)
                  000203a8    00000038     csl6713.lib : csl_mcbsp.obj (.far)
                  000203e0    00000028     dsk6713bsl.lib : dsk6713_aic23_registers.obj (.far)
                  00020408    0000001d     vm3224k.obj (.far)
                  00020426    00000002     dsk6713bsl.lib : dsk6713_led.obj (.far)
                  00020428    00000008     rts6700.lib : _lock.obj (.far)
                  00020430    00000008     dsk6713bsl.lib : dsk6713_aic23_opencodec.obj (.far)
                  00020438    00000004     rts6700.lib : errno.obj (.far)
                  0002043c    00000002     dsk6713bsl.lib : dsk6713.obj (.far)

.text      0    00020440    00004cc0     
                  00020440    00002380     main.obj (.text)
                  000227c0    000007c0     vm3224k.obj (.text)
                  00022f80    00000480     dsk6713bsl.lib : dsk6713.obj (.text)
                  00023400    00000320                    : dsk6713_aic23_opencodec.obj (.text)
                  00023720    00000280     rts6700.lib : sqrt.obj (.text:_sqrt)
                  000239a0    00000240                 : memcpy62.obj (.text:_memcpy)
                  00023be0    000001c0                 : ldexp.obj (.text:_ldexp)
                  00023da0    000001a0     dsk6713bsl.lib : dsk6713_led.obj (.text)
                  00023f40    000001a0     csl6713.lib : csl_mcbsp.obj (.text:_MCBSP_reset)
                  000240e0    00000180     rts6700.lib : divf.obj (.text:__divf)
                  00024260    00000160                 : frexp.obj (.text:_frexp)
                  000243c0    00000160     dsk6713bsl.lib : dsk6713_aic23_registers.obj (.text)
                  00024520    00000140     rts6700.lib : autoinit.obj (.text:__auto_init)
                  00024660    00000140                 : exit.obj (.text:_exit)
                  000247a0    00000100     csl6713.lib : csl_mcbsp.obj (.text:_MCBSP_start)
                  000248a0    00000100     rts6700.lib : frcdivf.obj (.text:__frcdivf)
                  000249a0    00000100     csl6713.lib : csl_mcbsp.obj (.text:_MCBSP_open)
                  00024aa0    000000e0     rts6700.lib : modf.obj (.text:_modf)
                  00024b80    000000e0                 : strasg.obj (.text:__strasg)
                  00024c60    000000c0                 : fixdi.obj (.text:__fixdi)
                  00024d20    00000080     dsk6713bsl.lib : dsk6713_dip.obj (.text)
                  00024da0    00000080     rts6700.lib : boot.obj (.text:_c_int00)
                  00024e20    00000080                 : fltid.obj (.text:__fltid)
                  00024ea0    00000060                 : floor.obj (.text:_floor)
                  00024f00    00000060                 : fltif.obj (.text:__fltif)
                  00024f60    00000040                 : args_main.obj (.text:__args_main)
                  00024fa0    00000020                 : exit.obj (.text:_abort)
                  00024fc0    00000020                 : subd.obj (.text:__subd)
                  00024fe0    00000020                 : cvtdf.obj (.text:__cvtdf)
                  00025000    00000020                 : mpyd.obj (.text:__mpyd)
                  00025020    00000020                 : cvtfd.obj (.text:__cvtfd)
                  00025040    00000020                 : subf.obj (.text:__subf)
                  00025060    00000020                 : mpyf.obj (.text:__mpyf)
                  00025080    00000020                 : addd.obj (.text:__addd)
                  000250a0    00000020                 : addf.obj (.text:__addf)
                  000250c0    00000020                 : _lock.obj (.text:__nop)
                  000250e0    00000020     csl6713.lib : csl_irq.obj (.text)

.stack     0    00025100    00002000     UNINITIALIZED
                  00025100    00000008     rts6700.lib : boot.obj (.stack)

.const     0    00027100    0000006c     
                  00027100    00000040     dsk6713bsl.lib : dsk6713_aic23_opencodec.obj (.const)
                  00027140    00000020                    : dsk6713.obj (.const)
                  00027160    0000000c     main.obj (.const)

.bss       0    0002716c    00000024     UNINITIALIZED
                  0002716c    00000014     vm3224k.obj (.bss)
                  00027180    00000010     main.obj (.bss)


GLOBAL SYMBOLS: SORTED ALPHABETICALLY BY Name 

address    name
--------   ----
0002716c   $bss
0002716c   .bss
00000000   .data
00020440   .text
00024fa0   C$$EXIT
00020430   _DSK6713_AIC23_codeccontrolhandle
00020434   _DSK6713_AIC23_codecdatahandle
00024480   _DSK6713_AIC23_config
00023400   _DSK6713_AIC23_openCodec
0002445c   _DSK6713_AIC23_rget
000243c0   _DSK6713_AIC23_rset
00024d28   _DSK6713_DIP_get
00024d20   _DSK6713_DIP_init
00023da0   _DSK6713_LED_init
00023dc8   _DSK6713_LED_off
00023e24   _DSK6713_LED_on
00023e80   _DSK6713_LED_toggle
00023394   _DSK6713_getVersion
00022fcc   _DSK6713_init
000232e8   _DSK6713_rget
000232fc   _DSK6713_rset
0002043c   _DSK6713_version
00023310   _DSK6713_wait
00023368   _DSK6713_waitusec
00020bb8   _DrawBox
000249a0   _MCBSP_open
00023f40   _MCBSP_reset
000247a0   _MCBSP_start
00020440   _PLL6713
0002718a   _R_Border
00027188   _R_Padding
00027184   _R_Threshold
00027186   _R_Tolerance
00020314   __IRQ_dispatchTable
00020250   __IRQ_eventTable
000250e0   __IRQ_hookFetchPacket
000202d4   __IRQ_intTable
000203d8   __MCBSP_hDev0
000203dc   __MCBSP_hDev1
00002000   __STACK_SIZE
ffffffff   ___binit__
0002716c   ___bss__
ffffffff   ___c_args__
ffffffff   ___cinit__
00000000   ___data__
00000000   ___edata__
00027190   ___end__
00025100   ___etext__
ffffffff   ___pinit__
00020440   ___text__
00025080   __addd
000250a0   __addf
00024f60   __args_main
00024520   __auto_init
000203a0   __cleanup_ptr
00024fe0   __cvtdf
00025020   __cvtfd
000240e0   __divf
000203a4   __dtors_ptr
00024c60   __fixdi
00024e20   __fltid
00024f00   __fltif
000248a0   __frcdivf
00020428   __lock
00025000   __mpyd
00025060   __mpyf
000250c0   __nop
00025100   __stack
00024b80   __strasg
00024fc0   __subd
00025040   __subf
0002042c   __unlock
00024fa0   _abort
00020b04   _boxInitialize
00024da0   _c_int00
00020a40   _c_int06
00020a64   _c_int15
80070800   _cam
00020200   _config
00020438   _errno
00024660   _exit
00027180   _flag
00024ea0   _floor
00024260   _frexp
0002718c   _hCodec
00022c50   _i2c_Write
000227c0   _i2c_init
00020ad8   _int_max
00020aac   _int_min
00020904   _intr_disable
00020a00   _intr_enable
0002093c   _intr_select
8004b000   _lcd
00023be0   _ldexp
000219b4   _main
000239a0   _memcpy
00024aa0   _modf
80000000   _now
00000200   _rgb
00023720   _sqrt
80025800   _tmp
00022f30   _vm3224bl
00022d28   _vm3224init
00022ee0   _vm3224rate
000205ec   _ybr_565
ffffffff   binit
ffffffff   cinit
00000000   edata
00027190   end
00025100   etext
ffffffff   pinit


GLOBAL SYMBOLS: SORTED BY Symbol Address 

address    name
--------   ----
00000000   ___edata__
00000000   ___data__
00000000   .data
00000000   edata
00000200   _rgb
00002000   __STACK_SIZE
00020200   _config
00020250   __IRQ_eventTable
000202d4   __IRQ_intTable
00020314   __IRQ_dispatchTable
000203a0   __cleanup_ptr
000203a4   __dtors_ptr
000203d8   __MCBSP_hDev0
000203dc   __MCBSP_hDev1
00020428   __lock
0002042c   __unlock
00020430   _DSK6713_AIC23_codeccontrolhandle
00020434   _DSK6713_AIC23_codecdatahandle
00020438   _errno
0002043c   _DSK6713_version
00020440   _PLL6713
00020440   .text
00020440   ___text__
000205ec   _ybr_565
00020904   _intr_disable
0002093c   _intr_select
00020a00   _intr_enable
00020a40   _c_int06
00020a64   _c_int15
00020aac   _int_min
00020ad8   _int_max
00020b04   _boxInitialize
00020bb8   _DrawBox
000219b4   _main
000227c0   _i2c_init
00022c50   _i2c_Write
00022d28   _vm3224init
00022ee0   _vm3224rate
00022f30   _vm3224bl
00022fcc   _DSK6713_init
000232e8   _DSK6713_rget
000232fc   _DSK6713_rset
00023310   _DSK6713_wait
00023368   _DSK6713_waitusec
00023394   _DSK6713_getVersion
00023400   _DSK6713_AIC23_openCodec
00023720   _sqrt
000239a0   _memcpy
00023be0   _ldexp
00023da0   _DSK6713_LED_init
00023dc8   _DSK6713_LED_off
00023e24   _DSK6713_LED_on
00023e80   _DSK6713_LED_toggle
00023f40   _MCBSP_reset
000240e0   __divf
00024260   _frexp
000243c0   _DSK6713_AIC23_rset
0002445c   _DSK6713_AIC23_rget
00024480   _DSK6713_AIC23_config
00024520   __auto_init
00024660   _exit
000247a0   _MCBSP_start
000248a0   __frcdivf
000249a0   _MCBSP_open
00024aa0   _modf
00024b80   __strasg
00024c60   __fixdi
00024d20   _DSK6713_DIP_init
00024d28   _DSK6713_DIP_get
00024da0   _c_int00
00024e20   __fltid
00024ea0   _floor
00024f00   __fltif
00024f60   __args_main
00024fa0   C$$EXIT
00024fa0   _abort
00024fc0   __subd
00024fe0   __cvtdf
00025000   __mpyd
00025020   __cvtfd
00025040   __subf
00025060   __mpyf
00025080   __addd
000250a0   __addf
000250c0   __nop
000250e0   __IRQ_hookFetchPacket
00025100   ___etext__
00025100   etext
00025100   __stack
0002716c   ___bss__
0002716c   .bss
0002716c   $bss
00027180   _flag
00027184   _R_Threshold
00027186   _R_Tolerance
00027188   _R_Padding
0002718a   _R_Border
0002718c   _hCodec
00027190   ___end__
00027190   end
80000000   _now
80025800   _tmp
8004b000   _lcd
80070800   _cam
ffffffff   cinit
ffffffff   pinit
ffffffff   ___cinit__
ffffffff   ___pinit__
ffffffff   ___c_args__
ffffffff   binit
ffffffff   ___binit__

[111 symbols]
