******************************************************************************
          TMS320C6x COFF Linker PC v5.1.0                      
******************************************************************************
>> Linked Fri Feb 19 08:07:29 2010

OUTPUT FILE NAME:   <VALoopback.out>
ENTRY POINT SYMBOL: "_c_int00"  address: 00024e60


MEMORY CONFIGURATION

                  name            origin    length      used    attr    fill
         ----------------------  --------  ---------  --------  ----  --------
         IDRAM                   00000000   00040000  00027252  RWIX
         SDRAM                   80000000   02000000  00096000  RWIX


SECTION ALLOCATION MAP

 output                                  attributes/
section   page    origin      length       input sections
--------  ----  ----------  ----------   ----------------
.sdram     0    80000000    00096000     UNINITIALIZED
                  80000000    00096000     main.obj (.sdram)

.sysmem    0    00000000    00000000     UNINITIALIZED

.cio       0    00000000    00000000     UNINITIALIZED

.data      0    00000000    00000000     UNINITIALIZED

.vectors   0    00000000    00000200     
                  00000000    00000200     start.obj (.vectors)

.cinit     0    00000000    000002e4     COPY SECTION
                  00000000    0000012c     csl6713.lib : csl_irq.obj (.cinit)
                  0000012c    00000004     --HOLE-- [fill = 0]
                  00000130    000000a0     main.obj (.cinit)
                  000001d0    00000054     csl6713.lib : csl_mcbsp.obj (.cinit)
                  00000224    00000004     --HOLE-- [fill = 0]
                  00000228    00000030     dsk6713bsl.lib : dsk6713_aic23_registers.obj (.cinit)
                  00000258    0000002c     rts6700.lib : exit.obj (.cinit)
                  00000284    00000004     --HOLE-- [fill = 0]
                  00000288    00000025     vm3224k.obj (.cinit)
                  000002ad    00000003     --HOLE-- [fill = 0]
                  000002b0    0000001c     rts6700.lib : _lock.obj (.cinit)
                  000002cc    00000004     --HOLE-- [fill = 0]
                  000002d0    0000000c                 : errno.obj (.cinit)
                  000002dc    00000008     --HOLE-- [fill = 0]

.far       0    00000200    0002023e     UNINITIALIZED
                  00000200    00020028     main.obj (.far)
                  00020228    000000f4     csl6713.lib : csl_irq.obj (.far)
                  0002031c    0000008c     rts6700.lib : exit.obj (.far)
                  000203a8    00000038     csl6713.lib : csl_mcbsp.obj (.far)
                  000203e0    00000028     dsk6713bsl.lib : dsk6713_aic23_registers.obj (.far)
                  00020408    0000001d     vm3224k.obj (.far)
                  00020426    00000002     dsk6713bsl.lib : dsk6713_led.obj (.far)
                  00020428    00000008     rts6700.lib : _lock.obj (.far)
                  00020430    00000008     dsk6713bsl.lib : dsk6713_aic23_opencodec.obj (.far)
                  00020438    00000004     rts6700.lib : errno.obj (.far)
                  0002043c    00000002     dsk6713bsl.lib : dsk6713.obj (.far)

.text      0    00020440    00004d80     
                  00020440    00002440     main.obj (.text)
                  00022880    000007c0     vm3224k.obj (.text)
                  00023040    00000480     dsk6713bsl.lib : dsk6713.obj (.text)
                  000234c0    00000320                    : dsk6713_aic23_opencodec.obj (.text)
                  000237e0    00000280     rts6700.lib : sqrt.obj (.text:_sqrt)
                  00023a60    00000240                 : memcpy62.obj (.text:_memcpy)
                  00023ca0    000001c0                 : ldexp.obj (.text:_ldexp)
                  00023e60    000001a0     dsk6713bsl.lib : dsk6713_led.obj (.text)
                  00024000    000001a0     csl6713.lib : csl_mcbsp.obj (.text:_MCBSP_reset)
                  000241a0    00000180     rts6700.lib : divf.obj (.text:__divf)
                  00024320    00000160                 : frexp.obj (.text:_frexp)
                  00024480    00000160     dsk6713bsl.lib : dsk6713_aic23_registers.obj (.text)
                  000245e0    00000140     rts6700.lib : autoinit.obj (.text:__auto_init)
                  00024720    00000140                 : exit.obj (.text:_exit)
                  00024860    00000100     csl6713.lib : csl_mcbsp.obj (.text:_MCBSP_start)
                  00024960    00000100     rts6700.lib : frcdivf.obj (.text:__frcdivf)
                  00024a60    00000100     csl6713.lib : csl_mcbsp.obj (.text:_MCBSP_open)
                  00024b60    000000e0     rts6700.lib : modf.obj (.text:_modf)
                  00024c40    000000e0                 : strasg.obj (.text:__strasg)
                  00024d20    000000c0                 : fixdi.obj (.text:__fixdi)
                  00024de0    00000080     dsk6713bsl.lib : dsk6713_dip.obj (.text)
                  00024e60    00000080     rts6700.lib : boot.obj (.text:_c_int00)
                  00024ee0    00000080                 : fltid.obj (.text:__fltid)
                  00024f60    00000060                 : floor.obj (.text:_floor)
                  00024fc0    00000060                 : fltif.obj (.text:__fltif)
                  00025020    00000040                 : args_main.obj (.text:__args_main)
                  00025060    00000020                 : exit.obj (.text:_abort)
                  00025080    00000020                 : subd.obj (.text:__subd)
                  000250a0    00000020                 : cvtdf.obj (.text:__cvtdf)
                  000250c0    00000020                 : mpyd.obj (.text:__mpyd)
                  000250e0    00000020                 : cvtfd.obj (.text:__cvtfd)
                  00025100    00000020                 : subf.obj (.text:__subf)
                  00025120    00000020                 : mpyf.obj (.text:__mpyf)
                  00025140    00000020                 : addd.obj (.text:__addd)
                  00025160    00000020                 : addf.obj (.text:__addf)
                  00025180    00000020                 : _lock.obj (.text:__nop)
                  000251a0    00000020     csl6713.lib : csl_irq.obj (.text)

.stack     0    000251c0    00002000     UNINITIALIZED
                  000251c0    00000008     rts6700.lib : boot.obj (.stack)

.const     0    000271c0    0000006c     
                  000271c0    00000040     dsk6713bsl.lib : dsk6713_aic23_opencodec.obj (.const)
                  00027200    00000020                    : dsk6713.obj (.const)
                  00027220    0000000c     main.obj (.const)

.bss       0    0002722c    00000028     UNINITIALIZED
                  0002722c    00000014     vm3224k.obj (.bss)
                  00027240    00000014     main.obj (.bss)


GLOBAL SYMBOLS: SORTED ALPHABETICALLY BY Name 

address    name
--------   ----
0002722c   $bss
0002722c   .bss
00000000   .data
00020440   .text
00025060   C$$EXIT
00020430   _DSK6713_AIC23_codeccontrolhandle
00020434   _DSK6713_AIC23_codecdatahandle
00024540   _DSK6713_AIC23_config
000234c0   _DSK6713_AIC23_openCodec
0002451c   _DSK6713_AIC23_rget
00024480   _DSK6713_AIC23_rset
00024de8   _DSK6713_DIP_get
00024de0   _DSK6713_DIP_init
00023e60   _DSK6713_LED_init
00023e88   _DSK6713_LED_off
00023ee4   _DSK6713_LED_on
00023f40   _DSK6713_LED_toggle
00023454   _DSK6713_getVersion
0002308c   _DSK6713_init
000233a8   _DSK6713_rget
000233bc   _DSK6713_rset
0002043c   _DSK6713_version
000233d0   _DSK6713_wait
00023428   _DSK6713_waitusec
00020bb8   _DrawBox
00024a60   _MCBSP_open
00024000   _MCBSP_reset
00024860   _MCBSP_start
00020440   _PLL6713
00027248   _RB_Threshold
00027246   _RG_Threshold
00027244   _RR_Threshold
0002724e   _R_Border
0002724c   _R_Padding
0002724a   _R_Tolerance
00020314   __IRQ_dispatchTable
00020250   __IRQ_eventTable
000251a0   __IRQ_hookFetchPacket
000202d4   __IRQ_intTable
000203d8   __MCBSP_hDev0
000203dc   __MCBSP_hDev1
00002000   __STACK_SIZE
ffffffff   ___binit__
0002722c   ___bss__
ffffffff   ___c_args__
ffffffff   ___cinit__
00000000   ___data__
00000000   ___edata__
00027254   ___end__
000251c0   ___etext__
ffffffff   ___pinit__
00020440   ___text__
00025140   __addd
00025160   __addf
00025020   __args_main
000245e0   __auto_init
000203a0   __cleanup_ptr
000250a0   __cvtdf
000250e0   __cvtfd
000241a0   __divf
000203a4   __dtors_ptr
00024d20   __fixdi
00024ee0   __fltid
00024fc0   __fltif
00024960   __frcdivf
00020428   __lock
000250c0   __mpyd
00025120   __mpyf
00025180   __nop
000251c0   __stack
00024c40   __strasg
00025080   __subd
00025100   __subf
0002042c   __unlock
00025060   _abort
00020b04   _boxInitialize
00024e60   _c_int00
00020a40   _c_int06
00020a64   _c_int15
80070800   _cam
00020200   _config
00020438   _errno
00024720   _exit
00027240   _flag
00024f60   _floor
00024320   _frexp
00027250   _hCodec
00022d10   _i2c_Write
00022880   _i2c_init
00020ad8   _int_max
00020aac   _int_min
00020904   _intr_disable
00020a00   _intr_enable
0002093c   _intr_select
8004b000   _lcd
00023ca0   _ldexp
00021a60   _main
00023a60   _memcpy
00024b60   _modf
80000000   _now
00000200   _rgb
000237e0   _sqrt
80025800   _tmp
00022ff0   _vm3224bl
00022de8   _vm3224init
00022fa0   _vm3224rate
000205ec   _ybr_565
ffffffff   binit
ffffffff   cinit
00000000   edata
00027254   end
000251c0   etext
ffffffff   pinit


GLOBAL SYMBOLS: SORTED BY Symbol Address 

address    name
--------   ----
00000000   ___edata__
00000000   ___data__
00000000   .data
00000000   edata
00000200   _rgb
00002000   __STACK_SIZE
00020200   _config
00020250   __IRQ_eventTable
000202d4   __IRQ_intTable
00020314   __IRQ_dispatchTable
000203a0   __cleanup_ptr
000203a4   __dtors_ptr
000203d8   __MCBSP_hDev0
000203dc   __MCBSP_hDev1
00020428   __lock
0002042c   __unlock
00020430   _DSK6713_AIC23_codeccontrolhandle
00020434   _DSK6713_AIC23_codecdatahandle
00020438   _errno
0002043c   _DSK6713_version
00020440   .text
00020440   ___text__
00020440   _PLL6713
000205ec   _ybr_565
00020904   _intr_disable
0002093c   _intr_select
00020a00   _intr_enable
00020a40   _c_int06
00020a64   _c_int15
00020aac   _int_min
00020ad8   _int_max
00020b04   _boxInitialize
00020bb8   _DrawBox
00021a60   _main
00022880   _i2c_init
00022d10   _i2c_Write
00022de8   _vm3224init
00022fa0   _vm3224rate
00022ff0   _vm3224bl
0002308c   _DSK6713_init
000233a8   _DSK6713_rget
000233bc   _DSK6713_rset
000233d0   _DSK6713_wait
00023428   _DSK6713_waitusec
00023454   _DSK6713_getVersion
000234c0   _DSK6713_AIC23_openCodec
000237e0   _sqrt
00023a60   _memcpy
00023ca0   _ldexp
00023e60   _DSK6713_LED_init
00023e88   _DSK6713_LED_off
00023ee4   _DSK6713_LED_on
00023f40   _DSK6713_LED_toggle
00024000   _MCBSP_reset
000241a0   __divf
00024320   _frexp
00024480   _DSK6713_AIC23_rset
0002451c   _DSK6713_AIC23_rget
00024540   _DSK6713_AIC23_config
000245e0   __auto_init
00024720   _exit
00024860   _MCBSP_start
00024960   __frcdivf
00024a60   _MCBSP_open
00024b60   _modf
00024c40   __strasg
00024d20   __fixdi
00024de0   _DSK6713_DIP_init
00024de8   _DSK6713_DIP_get
00024e60   _c_int00
00024ee0   __fltid
00024f60   _floor
00024fc0   __fltif
00025020   __args_main
00025060   _abort
00025060   C$$EXIT
00025080   __subd
000250a0   __cvtdf
000250c0   __mpyd
000250e0   __cvtfd
00025100   __subf
00025120   __mpyf
00025140   __addd
00025160   __addf
00025180   __nop
000251a0   __IRQ_hookFetchPacket
000251c0   __stack
000251c0   etext
000251c0   ___etext__
0002722c   .bss
0002722c   ___bss__
0002722c   $bss
00027240   _flag
00027244   _RR_Threshold
00027246   _RG_Threshold
00027248   _RB_Threshold
0002724a   _R_Tolerance
0002724c   _R_Padding
0002724e   _R_Border
00027250   _hCodec
00027254   end
00027254   ___end__
80000000   _now
80025800   _tmp
8004b000   _lcd
80070800   _cam
ffffffff   ___pinit__
ffffffff   pinit
ffffffff   cinit
ffffffff   ___c_args__
ffffffff   ___binit__
ffffffff   binit
ffffffff   ___cinit__

[113 symbols]
