******************************************************************************
          TMS320C6x COFF Linker PC v5.1.0                      
******************************************************************************
>> Linked Mon Feb 15 03:59:36 2010

OUTPUT FILE NAME:   <VALoopback.out>
ENTRY POINT SYMBOL: "_c_int00"  address: 00023320


MEMORY CONFIGURATION

                  name            origin    length      used    attr    fill
         ----------------------  --------  ---------  --------  ----  --------
         IDRAM                   00000000   00040000  00025522  RWIX
         SDRAM                   80000000   02000000  000e1000  RWIX


SECTION ALLOCATION MAP

 output                                  attributes/
section   page    origin      length       input sections
--------  ----  ----------  ----------   ----------------
.sdram     0    80000000    000e1000     UNINITIALIZED
                  80000000    000e1000     main.obj (.sdram)

.sysmem    0    00000000    00000000     UNINITIALIZED

.cio       0    00000000    00000000     UNINITIALIZED

.data      0    00000000    00000000     UNINITIALIZED

.vectors   0    00000000    00000200     
                  00000000    00000200     start.obj (.vectors)

.cinit     0    00000000    000002a4     COPY SECTION
                  00000000    0000012c     csl6713.lib : csl_irq.obj (.cinit)
                  0000012c    00000004     --HOLE-- [fill = 0]
                  00000130    00000070     main.obj (.cinit)
                  000001a0    00000054     csl6713.lib : csl_mcbsp.obj (.cinit)
                  000001f4    00000004     --HOLE-- [fill = 0]
                  000001f8    00000030     dsk6713bsl.lib : dsk6713_aic23_registers.obj (.cinit)
                  00000228    0000002c     rts6700.lib : exit.obj (.cinit)
                  00000254    00000004     --HOLE-- [fill = 0]
                  00000258    00000025     vm3224k.obj (.cinit)
                  0000027d    00000003     --HOLE-- [fill = 0]
                  00000280    0000001c     rts6700.lib : _lock.obj (.cinit)
                  0000029c    00000008     --HOLE-- [fill = 0]

.far       0    00000200    0002023a     UNINITIALIZED
                  00000200    00020028     main.obj (.far)
                  00020228    000000f4     csl6713.lib : csl_irq.obj (.far)
                  0002031c    0000008c     rts6700.lib : exit.obj (.far)
                  000203a8    00000038     csl6713.lib : csl_mcbsp.obj (.far)
                  000203e0    00000028     dsk6713bsl.lib : dsk6713_aic23_registers.obj (.far)
                  00020408    0000001d     vm3224k.obj (.far)
                  00020426    00000002     dsk6713bsl.lib : dsk6713_led.obj (.far)
                  00020428    00000008                    : dsk6713_aic23_opencodec.obj (.far)
                  00020430    00000008     rts6700.lib : _lock.obj (.far)
                  00020438    00000002     dsk6713bsl.lib : dsk6713.obj (.far)

.text      0    00020440    00003060     
                  00020440    00001180     main.obj (.text)
                  000215c0    000007c0     vm3224k.obj (.text)
                  00021d80    00000480     dsk6713bsl.lib : dsk6713.obj (.text)
                  00022200    00000320                    : dsk6713_aic23_opencodec.obj (.text)
                  00022520    00000240     rts6700.lib : memcpy62.obj (.text:_memcpy)
                  00022760    000001a0     dsk6713bsl.lib : dsk6713_led.obj (.text)
                  00022900    000001a0     csl6713.lib : csl_mcbsp.obj (.text:_MCBSP_reset)
                  00022aa0    00000160     dsk6713bsl.lib : dsk6713_aic23_registers.obj (.text)
                  00022c00    00000140     rts6700.lib : exit.obj (.text:_exit)
                  00022d40    00000140                 : autoinit.obj (.text:__auto_init)
                  00022e80    00000100     csl6713.lib : csl_mcbsp.obj (.text:_MCBSP_start)
                  00022f80    00000100                 : csl_mcbsp.obj (.text:_MCBSP_open)
                  00023080    000000e0     rts6700.lib : strasg.obj (.text:__strasg)
                  00023160    000000c0                 : fixdi.obj (.text:__fixdi)
                  00023220    00000080                 : fltid.obj (.text:__fltid)
                  000232a0    00000080     dsk6713bsl.lib : dsk6713_dip.obj (.text)
                  00023320    00000080     rts6700.lib : boot.obj (.text:_c_int00)
                  000233a0    00000040                 : args_main.obj (.text:__args_main)
                  000233e0    00000020                 : subd.obj (.text:__subd)
                  00023400    00000020                 : mpyd.obj (.text:__mpyd)
                  00023420    00000020                 : _lock.obj (.text:__nop)
                  00023440    00000020     csl6713.lib : csl_irq.obj (.text)
                  00023460    00000020     rts6700.lib : addd.obj (.text:__addd)
                  00023480    00000020                 : exit.obj (.text:_abort)

.stack     0    000234a0    00002000     UNINITIALIZED
                  000234a0    00000008     rts6700.lib : boot.obj (.stack)

.const     0    000254a0    00000060     
                  000254a0    00000040     dsk6713bsl.lib : dsk6713_aic23_opencodec.obj (.const)
                  000254e0    00000020                    : dsk6713.obj (.const)

.bss       0    00025500    00000028     UNINITIALIZED
                  00025500    00000014     vm3224k.obj (.bss)
                  00025514    00000014     main.obj (.bss)


GLOBAL SYMBOLS: SORTED ALPHABETICALLY BY Name 

address    name
--------   ----
00025500   $bss
00025500   .bss
00000000   .data
00020440   .text
00023480   C$$EXIT
00020428   _DSK6713_AIC23_codeccontrolhandle
0002042c   _DSK6713_AIC23_codecdatahandle
00022b60   _DSK6713_AIC23_config
00022200   _DSK6713_AIC23_openCodec
00022b3c   _DSK6713_AIC23_rget
00022aa0   _DSK6713_AIC23_rset
000232a8   _DSK6713_DIP_get
000232a0   _DSK6713_DIP_init
00022760   _DSK6713_LED_init
00022788   _DSK6713_LED_off
000227e4   _DSK6713_LED_on
00022840   _DSK6713_LED_toggle
00022194   _DSK6713_getVersion
00021dcc   _DSK6713_init
000220e8   _DSK6713_rget
000220fc   _DSK6713_rset
00020438   _DSK6713_version
00022110   _DSK6713_wait
00022168   _DSK6713_waitusec
00022f80   _MCBSP_open
00022900   _MCBSP_reset
00022e80   _MCBSP_start
00020440   _PLL6713
00020314   __IRQ_dispatchTable
00020250   __IRQ_eventTable
00023440   __IRQ_hookFetchPacket
000202d4   __IRQ_intTable
000203d8   __MCBSP_hDev0
000203dc   __MCBSP_hDev1
00002000   __STACK_SIZE
ffffffff   ___binit__
00025500   ___bss__
ffffffff   ___c_args__
ffffffff   ___cinit__
00000000   ___data__
00000000   ___edata__
00025528   ___end__
000234a0   ___etext__
ffffffff   ___pinit__
00020440   ___text__
00023460   __addd
000233a0   __args_main
00022d40   __auto_init
000203a0   __cleanup_ptr
000203a4   __dtors_ptr
00023160   __fixdi
00023220   __fltid
00020430   __lock
00023400   __mpyd
00023420   __nop
000234a0   __stack
00023080   __strasg
000233e0   __subd
00020434   __unlock
00023480   _abort
00023320   _c_int00
00020a40   _c_int06
00020a64   _c_int15
800bb800   _cam
00020200   _config
00022c00   _exit
00025514   _flag
8004b000   _future
00025524   _hCodec
00021a50   _i2c_Write
000215c0   _i2c_init
00020904   _intr_disable
00020a00   _intr_enable
0002093c   _intr_select
80096000   _lcd
00020aac   _main
00025520   _mask
00022520   _memcpy
00025518   _move
80025800   _now
80000000   _past
00000200   _rgb
0002551c   _stepIn
80070800   _tmp
00021d30   _vm3224bl
00021b28   _vm3224init
00021ce0   _vm3224rate
000205ec   _ybr_565
ffffffff   binit
ffffffff   cinit
00000000   edata
00025528   end
000234a0   etext
ffffffff   pinit


GLOBAL SYMBOLS: SORTED BY Symbol Address 

address    name
--------   ----
00000000   ___edata__
00000000   ___data__
00000000   .data
00000000   edata
00000200   _rgb
00002000   __STACK_SIZE
00020200   _config
00020250   __IRQ_eventTable
000202d4   __IRQ_intTable
00020314   __IRQ_dispatchTable
000203a0   __cleanup_ptr
000203a4   __dtors_ptr
000203d8   __MCBSP_hDev0
000203dc   __MCBSP_hDev1
00020428   _DSK6713_AIC23_codeccontrolhandle
0002042c   _DSK6713_AIC23_codecdatahandle
00020430   __lock
00020434   __unlock
00020438   _DSK6713_version
00020440   _PLL6713
00020440   .text
00020440   ___text__
000205ec   _ybr_565
00020904   _intr_disable
0002093c   _intr_select
00020a00   _intr_enable
00020a40   _c_int06
00020a64   _c_int15
00020aac   _main
000215c0   _i2c_init
00021a50   _i2c_Write
00021b28   _vm3224init
00021ce0   _vm3224rate
00021d30   _vm3224bl
00021dcc   _DSK6713_init
000220e8   _DSK6713_rget
000220fc   _DSK6713_rset
00022110   _DSK6713_wait
00022168   _DSK6713_waitusec
00022194   _DSK6713_getVersion
00022200   _DSK6713_AIC23_openCodec
00022520   _memcpy
00022760   _DSK6713_LED_init
00022788   _DSK6713_LED_off
000227e4   _DSK6713_LED_on
00022840   _DSK6713_LED_toggle
00022900   _MCBSP_reset
00022aa0   _DSK6713_AIC23_rset
00022b3c   _DSK6713_AIC23_rget
00022b60   _DSK6713_AIC23_config
00022c00   _exit
00022d40   __auto_init
00022e80   _MCBSP_start
00022f80   _MCBSP_open
00023080   __strasg
00023160   __fixdi
00023220   __fltid
000232a0   _DSK6713_DIP_init
000232a8   _DSK6713_DIP_get
00023320   _c_int00
000233a0   __args_main
000233e0   __subd
00023400   __mpyd
00023420   __nop
00023440   __IRQ_hookFetchPacket
00023460   __addd
00023480   _abort
00023480   C$$EXIT
000234a0   ___etext__
000234a0   __stack
000234a0   etext
00025500   ___bss__
00025500   $bss
00025500   .bss
00025514   _flag
00025518   _move
0002551c   _stepIn
00025520   _mask
00025524   _hCodec
00025528   ___end__
00025528   end
80000000   _past
80025800   _now
8004b000   _future
80070800   _tmp
80096000   _lcd
800bb800   _cam
ffffffff   pinit
ffffffff   ___c_args__
ffffffff   cinit
ffffffff   ___pinit__
ffffffff   ___binit__
ffffffff   binit
ffffffff   ___cinit__

[94 symbols]
